05-Apr-2026 13:06:10.128 INFO [main] org.apache.catalina.startup.VersionLoggerListener.log Server version name:   Apache Tomcat/9.0.108
05-Apr-2026 13:06:10.134 INFO [main] org.apache.catalina.startup.VersionLoggerListener.log Server built:          Jul 31 2025 18:19:48 UTC
05-Apr-2026 13:06:10.134 INFO [main] org.apache.catalina.startup.VersionLoggerListener.log Server version number: 9.0.108.0
05-Apr-2026 13:06:10.134 INFO [main] org.apache.catalina.startup.VersionLoggerListener.log OS Name:               Windows 10
05-Apr-2026 13:06:10.134 INFO [main] org.apache.catalina.startup.VersionLoggerListener.log OS Version:            10.0
05-Apr-2026 13:06:10.134 INFO [main] org.apache.catalina.startup.VersionLoggerListener.log Architecture:          amd64
05-Apr-2026 13:06:10.136 INFO [main] org.apache.catalina.startup.VersionLoggerListener.log Java Home:             C:\Program Files\Java\jdk1.8.0_172\jre
05-Apr-2026 13:06:10.136 INFO [main] org.apache.catalina.startup.VersionLoggerListener.log JVM Version:           1.8.0_172-b11
05-Apr-2026 13:06:10.136 INFO [main] org.apache.catalina.startup.VersionLoggerListener.log JVM Vendor:            Oracle Corporation
05-Apr-2026 13:06:10.136 INFO [main] org.apache.catalina.startup.VersionLoggerListener.log CATALINA_BASE:         D:\tools\apache-tomcat-9.0.108
05-Apr-2026 13:06:10.136 INFO [main] org.apache.catalina.startup.VersionLoggerListener.log CATALINA_HOME:         D:\tools\apache-tomcat-9.0.108
05-Apr-2026 13:06:10.139 INFO [main] org.apache.catalina.startup.VersionLoggerListener.log Command line argument: -Djava.util.logging.config.file=D:\tools\apache-tomcat-9.0.108\conf\logging.properties
05-Apr-2026 13:06:10.140 INFO [main] org.apache.catalina.startup.VersionLoggerListener.log Command line argument: -Djava.util.logging.manager=org.apache.juli.ClassLoaderLogManager
05-Apr-2026 13:06:10.140 INFO [main] org.apache.catalina.startup.VersionLoggerListener.log Command line argument: -Dhttp.nonProxyHosts=localhost|127.0.0.1|DESKTOP-UFCNPBB
05-Apr-2026 13:06:10.140 INFO [main] org.apache.catalina.startup.VersionLoggerListener.log Command line argument: -Djdk.tls.ephemeralDHKeySize=2048
05-Apr-2026 13:06:10.140 INFO [main] org.apache.catalina.startup.VersionLoggerListener.log Command line argument: -Djava.protocol.handler.pkgs=org.apache.catalina.webresources
05-Apr-2026 13:06:10.140 INFO [main] org.apache.catalina.startup.VersionLoggerListener.log Command line argument: -Dsun.io.useCanonCaches=false
05-Apr-2026 13:06:10.140 INFO [main] org.apache.catalina.startup.VersionLoggerListener.log Command line argument: -Dignore.endorsed.dirs=
05-Apr-2026 13:06:10.140 INFO [main] org.apache.catalina.startup.VersionLoggerListener.log Command line argument: -Dcatalina.base=D:\tools\apache-tomcat-9.0.108
05-Apr-2026 13:06:10.140 INFO [main] org.apache.catalina.startup.VersionLoggerListener.log Command line argument: -Dcatalina.home=D:\tools\apache-tomcat-9.0.108
05-Apr-2026 13:06:10.140 INFO [main] org.apache.catalina.startup.VersionLoggerListener.log Command line argument: -Djava.io.tmpdir=D:\tools\apache-tomcat-9.0.108\temp
05-Apr-2026 13:06:10.552 INFO [main] org.apache.catalina.core.AprLifecycleListener.lifecycleEvent Loaded Apache Tomcat Native library [1.3.1] using APR version [1.7.4].
05-Apr-2026 13:06:10.552 INFO [main] org.apache.catalina.core.AprLifecycleListener.lifecycleEvent APR capabilities: IPv6 [true], sendfile [true], accept filters [false], random [true], UDS [true].
05-Apr-2026 13:06:10.552 INFO [main] org.apache.catalina.core.AprLifecycleListener.lifecycleEvent APR/OpenSSL configuration: useAprConnector [false], useOpenSSL [true]
05-Apr-2026 13:06:10.599 INFO [main] org.apache.catalina.core.AprLifecycleListener.initializeSSL OpenSSL successfully initialized [OpenSSL 3.0.14 4 Jun 2024]
05-Apr-2026 13:06:11.053 INFO [main] org.apache.coyote.AbstractProtocol.init Initializing ProtocolHandler ["http-nio-8080"]
05-Apr-2026 13:06:11.077 INFO [main] org.apache.catalina.startup.Catalina.load Server initialization in [1314] milliseconds
05-Apr-2026 13:06:11.111 INFO [main] org.apache.catalina.core.StandardService.startInternal Starting service [Catalina]
05-Apr-2026 13:06:11.111 INFO [main] org.apache.catalina.core.StandardEngine.startInternal Starting Servlet engine: [Apache Tomcat/9.0.108]
05-Apr-2026 13:06:11.121 INFO [main] org.apache.catalina.startup.HostConfig.deployDirectory Deploying web application directory [D:\tools\apache-tomcat-9.0.108\webapps\docs]
05-Apr-2026 13:06:11.820 WARNING [main] org.apache.catalina.util.SessionIdGeneratorBase.createSecureRandom Creation of SecureRandom instance for session ID generation using [SHA1PRNG] took [470] milliseconds.
05-Apr-2026 13:06:11.845 INFO [main] org.apache.catalina.startup.HostConfig.deployDirectory Deployment of web application directory [D:\tools\apache-tomcat-9.0.108\webapps\docs] has finished in [725] ms
05-Apr-2026 13:06:11.845 INFO [main] org.apache.catalina.startup.HostConfig.deployDirectory Deploying web application directory [D:\tools\apache-tomcat-9.0.108\webapps\examples]
05-Apr-2026 13:06:13.140 INFO [main] org.apache.catalina.startup.HostConfig.deployDirectory Deployment of web application directory [D:\tools\apache-tomcat-9.0.108\webapps\examples] has finished in [1,295] ms
05-Apr-2026 13:06:13.141 INFO [main] org.apache.catalina.startup.HostConfig.deployDirectory Deploying web application directory [D:\tools\apache-tomcat-9.0.108\webapps\host-manager]
05-Apr-2026 13:06:13.170 INFO [main] org.apache.catalina.startup.HostConfig.deployDirectory Deployment of web application directory [D:\tools\apache-tomcat-9.0.108\webapps\host-manager] has finished in [29] ms
05-Apr-2026 13:06:13.170 INFO [main] org.apache.catalina.startup.HostConfig.deployDirectory Deploying web application directory [D:\tools\apache-tomcat-9.0.108\webapps\manager]
05-Apr-2026 13:06:13.216 INFO [main] org.apache.catalina.startup.HostConfig.deployDirectory Deployment of web application directory [D:\tools\apache-tomcat-9.0.108\webapps\manager] has finished in [46] ms
05-Apr-2026 13:06:13.216 INFO [main] org.apache.catalina.startup.HostConfig.deployDirectory Deploying web application directory [D:\tools\apache-tomcat-9.0.108\webapps\ROOT]
05-Apr-2026 13:06:13.237 INFO [main] org.apache.catalina.startup.HostConfig.deployDirectory Deployment of web application directory [D:\tools\apache-tomcat-9.0.108\webapps\ROOT] has finished in [21] ms
05-Apr-2026 13:06:13.242 INFO [main] org.apache.coyote.AbstractProtocol.start Starting ProtocolHandler ["http-nio-8080"]
05-Apr-2026 13:06:13.276 INFO [main] org.apache.catalina.startup.Catalina.start Server startup in [2198] milliseconds
05-Apr-2026 13:07:11.009 INFO [http-nio-8080-exec-10] org.apache.catalina.startup.HostConfig.deployDescriptor Deploying deployment descriptor [D:\tools\apache-tomcat-9.0.108\conf\Catalina\localhost\production-management-system.xml]
05-Apr-2026 13:07:11.013 WARNING [http-nio-8080-exec-10] org.apache.catalina.startup.HostConfig.deployDescriptor The path attribute with value [/production-management-system] in deployment descriptor [D:\tools\apache-tomcat-9.0.108\conf\Catalina\localhost\production-management-system.xml] has been ignored
05-Apr-2026 13:07:11.978 INFO [http-nio-8080-exec-10] org.apache.jasper.servlet.TldScanner.scanJars At least one JAR was scanned for TLDs yet contained no TLDs. Enable debug logging for this logger for a complete list of JARs that were scanned but no TLDs were found in them. Skipping unneeded JARs during scanning can improve startup time and JSP compilation time.
05-Apr-2026 13:07:14.107 INFO [http-nio-8080-exec-10] org.apache.catalina.startup.HostConfig.deployDescriptor Deployment of deployment descriptor [D:\tools\apache-tomcat-9.0.108\conf\Catalina\localhost\production-management-system.xml] has finished in [3,098] ms
05-Apr-2026 13:07:14.116 INFO [http-nio-8080-exec-1] org.apache.catalina.util.LifecycleBase.start The start() method was called on component [StandardEngine[Catalina].StandardHost[localhost].StandardContext[/production-management-system]] after start() had already been called. The second call will be ignored.
05-Apr-2026 14:39:57.462 INFO [main] org.apache.catalina.core.StandardServer.await A valid shutdown command was received via the shutdown port. Stopping the Server instance.
05-Apr-2026 14:39:57.464 INFO [main] org.apache.coyote.AbstractProtocol.pause Pausing ProtocolHandler ["http-nio-8080"]
05-Apr-2026 14:39:59.376 INFO [main] org.apache.catalina.core.StandardService.stopInternal Stopping service [Catalina]
05-Apr-2026 14:39:59.522 WARNING [main] org.apache.catalina.loader.WebappClassLoaderBase.clearReferencesJdbc The web application [production-management-system] registered the JDBC driver [com.microsoft.sqlserver.jdbc.SQLServerDriver] but failed to unregister it when the web application was stopped. To prevent a memory leak, the JDBC Driver has been forcibly unregistered.
05-Apr-2026 14:39:59.523 SEVERE [main] org.apache.catalina.loader.WebappClassLoaderBase.checkThreadLocalMapForLeaks The web application [production-management-system] created a ThreadLocal with key of type [com.microsoft.sqlserver.jdbc.ActivityCorrelator$1] (value [com.microsoft.sqlserver.jdbc.ActivityCorrelator$1@7d4f9aae]) and a value of type [com.microsoft.sqlserver.jdbc.ActivityId] (value [b0250593-34c8-47e7-aa24-57d0df332a6e-50]) but failed to remove it when the web application was stopped. Threads are going to be renewed over time to try and avoid a probable memory leak.
05-Apr-2026 14:39:59.524 SEVERE [main] org.apache.catalina.loader.WebappClassLoaderBase.checkThreadLocalMapForLeaks The web application [production-management-system] created a ThreadLocal with key of type [com.microsoft.sqlserver.jdbc.ActivityCorrelator$1] (value [com.microsoft.sqlserver.jdbc.ActivityCorrelator$1@7d4f9aae]) and a value of type [com.microsoft.sqlserver.jdbc.ActivityId] (value [4714b4b7-6ad2-47d8-b148-4d16447ae5c2-56]) but failed to remove it when the web application was stopped. Threads are going to be renewed over time to try and avoid a probable memory leak.
05-Apr-2026 14:39:59.524 SEVERE [main] org.apache.catalina.loader.WebappClassLoaderBase.checkThreadLocalMapForLeaks The web application [production-management-system] created a ThreadLocal with key of type [com.microsoft.sqlserver.jdbc.ActivityCorrelator$1] (value [com.microsoft.sqlserver.jdbc.ActivityCorrelator$1@7d4f9aae]) and a value of type [com.microsoft.sqlserver.jdbc.ActivityId] (value [201c5fe7-8cfd-470f-adf1-ebcfde6f3fa8-70]) but failed to remove it when the web application was stopped. Threads are going to be renewed over time to try and avoid a probable memory leak.
05-Apr-2026 14:39:59.524 SEVERE [main] org.apache.catalina.loader.WebappClassLoaderBase.checkThreadLocalMapForLeaks The web application [production-management-system] created a ThreadLocal with key of type [com.microsoft.sqlserver.jdbc.ActivityCorrelator$1] (value [com.microsoft.sqlserver.jdbc.ActivityCorrelator$1@7d4f9aae]) and a value of type [com.microsoft.sqlserver.jdbc.ActivityId] (value [fcec4f10-ddf1-4a87-add8-7416cf6717e7-116]) but failed to remove it when the web application was stopped. Threads are going to be renewed over time to try and avoid a probable memory leak.
05-Apr-2026 14:39:59.525 SEVERE [main] org.apache.catalina.loader.WebappClassLoaderBase.checkThreadLocalMapForLeaks The web application [production-management-system] created a ThreadLocal with key of type [com.microsoft.sqlserver.jdbc.ActivityCorrelator$1] (value [com.microsoft.sqlserver.jdbc.ActivityCorrelator$1@7d4f9aae]) and a value of type [com.microsoft.sqlserver.jdbc.ActivityId] (value [38a7bc92-239b-4310-baec-1d66f45ee78d-78]) but failed to remove it when the web application was stopped. Threads are going to be renewed over time to try and avoid a probable memory leak.
05-Apr-2026 14:39:59.525 SEVERE [main] org.apache.catalina.loader.WebappClassLoaderBase.checkThreadLocalMapForLeaks The web application [production-management-system] created a ThreadLocal with key of type [com.microsoft.sqlserver.jdbc.ActivityCorrelator$1] (value [com.microsoft.sqlserver.jdbc.ActivityCorrelator$1@7d4f9aae]) and a value of type [com.microsoft.sqlserver.jdbc.ActivityId] (value [48d77020-4dcd-4397-96ac-32b528d436f0-80]) but failed to remove it when the web application was stopped. Threads are going to be renewed over time to try and avoid a probable memory leak.
05-Apr-2026 14:39:59.526 SEVERE [main] org.apache.catalina.loader.WebappClassLoaderBase.checkThreadLocalMapForLeaks The web application [production-management-system] created a ThreadLocal with key of type [com.microsoft.sqlserver.jdbc.ActivityCorrelator$1] (value [com.microsoft.sqlserver.jdbc.ActivityCorrelator$1@7d4f9aae]) and a value of type [com.microsoft.sqlserver.jdbc.ActivityId] (value [a9e9eb99-d829-454d-9a00-af178a5b4c8e-84]) but failed to remove it when the web application was stopped. Threads are going to be renewed over time to try and avoid a probable memory leak.
05-Apr-2026 14:39:59.534 SEVERE [main] org.apache.catalina.loader.WebappClassLoaderBase.checkThreadLocalMapForLeaks The web application [production-management-system] created a ThreadLocal with key of type [com.microsoft.sqlserver.jdbc.ActivityCorrelator$1] (value [com.microsoft.sqlserver.jdbc.ActivityCorrelator$1@7d4f9aae]) and a value of type [com.microsoft.sqlserver.jdbc.ActivityId] (value [a58bb370-e7a5-42e6-9491-770e40dc603f-76]) but failed to remove it when the web application was stopped. Threads are going to be renewed over time to try and avoid a probable memory leak.
05-Apr-2026 14:39:59.535 SEVERE [main] org.apache.catalina.loader.WebappClassLoaderBase.checkThreadLocalMapForLeaks The web application [production-management-system] created a ThreadLocal with key of type [com.microsoft.sqlserver.jdbc.ActivityCorrelator$1] (value [com.microsoft.sqlserver.jdbc.ActivityCorrelator$1@7d4f9aae]) and a value of type [com.microsoft.sqlserver.jdbc.ActivityId] (value [1723604c-61b8-4e58-b850-94439d1dd41f-51]) but failed to remove it when the web application was stopped. Threads are going to be renewed over time to try and avoid a probable memory leak.
05-Apr-2026 14:39:59.535 SEVERE [main] org.apache.catalina.loader.WebappClassLoaderBase.checkThreadLocalMapForLeaks The web application [production-management-system] created a ThreadLocal with key of type [com.microsoft.sqlserver.jdbc.ActivityCorrelator$1] (value [com.microsoft.sqlserver.jdbc.ActivityCorrelator$1@7d4f9aae]) and a value of type [com.microsoft.sqlserver.jdbc.ActivityId] (value [f2773e00-99ab-4897-b168-bc1365d66565-74]) but failed to remove it when the web application was stopped. Threads are going to be renewed over time to try and avoid a probable memory leak.
05-Apr-2026 14:39:59.565 INFO [main] org.apache.coyote.AbstractProtocol.stop Stopping ProtocolHandler ["http-nio-8080"]
05-Apr-2026 14:39:59.590 INFO [main] org.apache.coyote.AbstractProtocol.destroy Destroying ProtocolHandler ["http-nio-8080"]
05-Apr-2026 22:36:01.271 INFO [main] org.apache.catalina.startup.VersionLoggerListener.log Server version name:   Apache Tomcat/9.0.108
05-Apr-2026 22:36:01.273 INFO [main] org.apache.catalina.startup.VersionLoggerListener.log Server built:          Jul 31 2025 18:19:48 UTC
05-Apr-2026 22:36:01.274 INFO [main] org.apache.catalina.startup.VersionLoggerListener.log Server version number: 9.0.108.0
05-Apr-2026 22:36:01.274 INFO [main] org.apache.catalina.startup.VersionLoggerListener.log OS Name:               Windows 10
05-Apr-2026 22:36:01.274 INFO [main] org.apache.catalina.startup.VersionLoggerListener.log OS Version:            10.0
05-Apr-2026 22:36:01.274 INFO [main] org.apache.catalina.startup.VersionLoggerListener.log Architecture:          amd64
05-Apr-2026 22:36:01.274 INFO [main] org.apache.catalina.startup.VersionLoggerListener.log Java Home:             C:\Program Files\Java\jdk1.8.0_172\jre
05-Apr-2026 22:36:01.274 INFO [main] org.apache.catalina.startup.VersionLoggerListener.log JVM Version:           1.8.0_172-b11
05-Apr-2026 22:36:01.274 INFO [main] org.apache.catalina.startup.VersionLoggerListener.log JVM Vendor:            Oracle Corporation
05-Apr-2026 22:36:01.274 INFO [main] org.apache.catalina.startup.VersionLoggerListener.log CATALINA_BASE:         D:\tools\apache-tomcat-9.0.108
05-Apr-2026 22:36:01.274 INFO [main] org.apache.catalina.startup.VersionLoggerListener.log CATALINA_HOME:         D:\tools\apache-tomcat-9.0.108
05-Apr-2026 22:36:01.276 INFO [main] org.apache.catalina.startup.VersionLoggerListener.log Command line argument: -Djava.util.logging.config.file=D:\tools\apache-tomcat-9.0.108\conf\logging.properties
05-Apr-2026 22:36:01.276 INFO [main] org.apache.catalina.startup.VersionLoggerListener.log Command line argument: -Djava.util.logging.manager=org.apache.juli.ClassLoaderLogManager
05-Apr-2026 22:36:01.276 INFO [main] org.apache.catalina.startup.VersionLoggerListener.log Command line argument: -Dhttp.nonProxyHosts=localhost|127.0.0.1|DESKTOP-UFCNPBB
05-Apr-2026 22:36:01.276 INFO [main] org.apache.catalina.startup.VersionLoggerListener.log Command line argument: -Djdk.tls.ephemeralDHKeySize=2048
05-Apr-2026 22:36:01.278 INFO [main] org.apache.catalina.startup.VersionLoggerListener.log Command line argument: -Djava.protocol.handler.pkgs=org.apache.catalina.webresources
05-Apr-2026 22:36:01.278 INFO [main] org.apache.catalina.startup.VersionLoggerListener.log Command line argument: -Dsun.io.useCanonCaches=false
05-Apr-2026 22:36:01.278 INFO [main] org.apache.catalina.startup.VersionLoggerListener.log Command line argument: -Dignore.endorsed.dirs=
05-Apr-2026 22:36:01.278 INFO [main] org.apache.catalina.startup.VersionLoggerListener.log Command line argument: -Dcatalina.base=D:\tools\apache-tomcat-9.0.108
05-Apr-2026 22:36:01.278 INFO [main] org.apache.catalina.startup.VersionLoggerListener.log Command line argument: -Dcatalina.home=D:\tools\apache-tomcat-9.0.108
05-Apr-2026 22:36:01.278 INFO [main] org.apache.catalina.startup.VersionLoggerListener.log Command line argument: -Djava.io.tmpdir=D:\tools\apache-tomcat-9.0.108\temp
05-Apr-2026 22:36:01.537 INFO [main] org.apache.catalina.core.AprLifecycleListener.lifecycleEvent Loaded Apache Tomcat Native library [1.3.1] using APR version [1.7.4].
05-Apr-2026 22:36:01.538 INFO [main] org.apache.catalina.core.AprLifecycleListener.lifecycleEvent APR capabilities: IPv6 [true], sendfile [true], accept filters [false], random [true], UDS [true].
05-Apr-2026 22:36:01.538 INFO [main] org.apache.catalina.core.AprLifecycleListener.lifecycleEvent APR/OpenSSL configuration: useAprConnector [false], useOpenSSL [true]
05-Apr-2026 22:36:01.567 INFO [main] org.apache.catalina.core.AprLifecycleListener.initializeSSL OpenSSL successfully initialized [OpenSSL 3.0.14 4 Jun 2024]
05-Apr-2026 22:36:02.009 INFO [main] org.apache.coyote.AbstractProtocol.init Initializing ProtocolHandler ["http-nio-8080"]
05-Apr-2026 22:36:02.041 INFO [main] org.apache.catalina.startup.Catalina.load Server initialization in [1024] milliseconds
05-Apr-2026 22:36:02.087 INFO [main] org.apache.catalina.core.StandardService.startInternal Starting service [Catalina]
05-Apr-2026 22:36:02.087 INFO [main] org.apache.catalina.core.StandardEngine.startInternal Starting Servlet engine: [Apache Tomcat/9.0.108]
05-Apr-2026 22:36:02.100 INFO [main] org.apache.catalina.startup.HostConfig.deployDescriptor Deploying deployment descriptor [D:\tools\apache-tomcat-9.0.108\conf\Catalina\localhost\production-management-system.xml]
05-Apr-2026 22:36:02.129 WARNING [main] org.apache.catalina.startup.HostConfig.deployDescriptor The path attribute with value [/production-management-system] in deployment descriptor [D:\tools\apache-tomcat-9.0.108\conf\Catalina\localhost\production-management-system.xml] has been ignored
05-Apr-2026 22:36:03.627 INFO [main] org.apache.jasper.servlet.TldScanner.scanJars At least one JAR was scanned for TLDs yet contained no TLDs. Enable debug logging for this logger for a complete list of JARs that were scanned but no TLDs were found in them. Skipping unneeded JARs during scanning can improve startup time and JSP compilation time.
05-Apr-2026 22:36:05.897 INFO [main] org.apache.catalina.startup.HostConfig.deployDescriptor Deployment of deployment descriptor [D:\tools\apache-tomcat-9.0.108\conf\Catalina\localhost\production-management-system.xml] has finished in [3,797] ms
05-Apr-2026 22:36:05.898 INFO [main] org.apache.catalina.startup.HostConfig.deployDirectory Deploying web application directory [D:\tools\apache-tomcat-9.0.108\webapps\docs]
05-Apr-2026 22:36:05.937 INFO [main] org.apache.catalina.startup.HostConfig.deployDirectory Deployment of web application directory [D:\tools\apache-tomcat-9.0.108\webapps\docs] has finished in [39] ms
05-Apr-2026 22:36:05.938 INFO [main] org.apache.catalina.startup.HostConfig.deployDirectory Deploying web application directory [D:\tools\apache-tomcat-9.0.108\webapps\examples]
05-Apr-2026 22:36:07.094 INFO [main] org.apache.catalina.startup.HostConfig.deployDirectory Deployment of web application directory [D:\tools\apache-tomcat-9.0.108\webapps\examples] has finished in [1,157] ms
05-Apr-2026 22:36:07.094 INFO [main] org.apache.catalina.startup.HostConfig.deployDirectory Deploying web application directory [D:\tools\apache-tomcat-9.0.108\webapps\host-manager]
05-Apr-2026 22:36:07.160 INFO [main] org.apache.catalina.startup.HostConfig.deployDirectory Deployment of web application directory [D:\tools\apache-tomcat-9.0.108\webapps\host-manager] has finished in [66] ms
05-Apr-2026 22:36:07.160 INFO [main] org.apache.catalina.startup.HostConfig.deployDirectory Deploying web application directory [D:\tools\apache-tomcat-9.0.108\webapps\manager]
05-Apr-2026 22:36:07.212 INFO [main] org.apache.catalina.startup.HostConfig.deployDirectory Deployment of web application directory [D:\tools\apache-tomcat-9.0.108\webapps\manager] has finished in [51] ms
05-Apr-2026 22:36:07.212 INFO [main] org.apache.catalina.startup.HostConfig.deployDirectory Deploying web application directory [D:\tools\apache-tomcat-9.0.108\webapps\ROOT]
05-Apr-2026 22:36:07.252 INFO [main] org.apache.catalina.startup.HostConfig.deployDirectory Deployment of web application directory [D:\tools\apache-tomcat-9.0.108\webapps\ROOT] has finished in [40] ms
05-Apr-2026 22:36:07.259 INFO [main] org.apache.coyote.AbstractProtocol.start Starting ProtocolHandler ["http-nio-8080"]
05-Apr-2026 22:36:07.305 INFO [main] org.apache.catalina.startup.Catalina.start Server startup in [5263] milliseconds
05-Apr-2026 22:36:13.395 WARNING [http-nio-8080-exec-10] org.apache.catalina.loader.WebappClassLoaderBase.clearReferencesJdbc The web application [production-management-system] registered the JDBC driver [com.microsoft.sqlserver.jdbc.SQLServerDriver] but failed to unregister it when the web application was stopped. To prevent a memory leak, the JDBC Driver has been forcibly unregistered.
05-Apr-2026 22:36:13.397 SEVERE [http-nio-8080-exec-10] org.apache.catalina.loader.WebappClassLoaderBase.checkThreadLocalMapForLeaks The web application [production-management-system] created a ThreadLocal with key of type [com.microsoft.sqlserver.jdbc.ActivityCorrelator$1] (value [com.microsoft.sqlserver.jdbc.ActivityCorrelator$1@62b63cb8]) and a value of type [com.microsoft.sqlserver.jdbc.ActivityId] (value [71844de9-242c-4c78-b59f-310dac8e14b4-8]) but failed to remove it when the web application was stopped. Threads are going to be renewed over time to try and avoid a probable memory leak.
05-Apr-2026 22:36:13.909 INFO [http-nio-8080-exec-10] org.apache.catalina.startup.HostConfig.undeploy Undeploying context [/production-management-system]
05-Apr-2026 22:36:13.975 INFO [http-nio-8080-exec-5] org.apache.catalina.startup.HostConfig.deployDescriptor Deploying deployment descriptor [D:\tools\apache-tomcat-9.0.108\conf\Catalina\localhost\production-management-system.xml]
05-Apr-2026 22:36:13.978 WARNING [http-nio-8080-exec-5] org.apache.catalina.startup.HostConfig.deployDescriptor The path attribute with value [/production-management-system] in deployment descriptor [D:\tools\apache-tomcat-9.0.108\conf\Catalina\localhost\production-management-system.xml] has been ignored
05-Apr-2026 22:36:14.599 INFO [http-nio-8080-exec-5] org.apache.jasper.servlet.TldScanner.scanJars At least one JAR was scanned for TLDs yet contained no TLDs. Enable debug logging for this logger for a complete list of JARs that were scanned but no TLDs were found in them. Skipping unneeded JARs during scanning can improve startup time and JSP compilation time.
05-Apr-2026 22:36:15.464 INFO [http-nio-8080-exec-5] org.apache.catalina.startup.HostConfig.deployDescriptor Deployment of deployment descriptor [D:\tools\apache-tomcat-9.0.108\conf\Catalina\localhost\production-management-system.xml] has finished in [1,488] ms
05-Apr-2026 22:36:15.471 INFO [http-nio-8080-exec-6] org.apache.catalina.util.LifecycleBase.start The start() method was called on component [StandardEngine[Catalina].StandardHost[localhost].StandardContext[/production-management-system]] after start() had already been called. The second call will be ignored.
05-Apr-2026 23:41:02.596 WARNING [http-nio-8080-exec-12] org.apache.catalina.loader.WebappClassLoaderBase.clearReferencesJdbc The web application [production-management-system] registered the JDBC driver [com.microsoft.sqlserver.jdbc.SQLServerDriver] but failed to unregister it when the web application was stopped. To prevent a memory leak, the JDBC Driver has been forcibly unregistered.
05-Apr-2026 23:41:02.596 SEVERE [http-nio-8080-exec-12] org.apache.catalina.loader.WebappClassLoaderBase.checkThreadLocalMapForLeaks The web application [production-management-system] created a ThreadLocal with key of type [com.microsoft.sqlserver.jdbc.ActivityCorrelator$1] (value [com.microsoft.sqlserver.jdbc.ActivityCorrelator$1@206e22d4]) and a value of type [com.microsoft.sqlserver.jdbc.ActivityId] (value [9f85f2f9-39b8-4ac3-aa22-2d4b093b1367-54]) but failed to remove it when the web application was stopped. Threads are going to be renewed over time to try and avoid a probable memory leak.
05-Apr-2026 23:41:02.596 SEVERE [http-nio-8080-exec-12] org.apache.catalina.loader.WebappClassLoaderBase.checkThreadLocalMapForLeaks The web application [production-management-system] created a ThreadLocal with key of type [com.microsoft.sqlserver.jdbc.ActivityCorrelator$1] (value [com.microsoft.sqlserver.jdbc.ActivityCorrelator$1@206e22d4]) and a value of type [com.microsoft.sqlserver.jdbc.ActivityId] (value [6d848cde-534e-400f-b369-50385fd326d0-46]) but failed to remove it when the web application was stopped. Threads are going to be renewed over time to try and avoid a probable memory leak.
05-Apr-2026 23:41:02.596 SEVERE [http-nio-8080-exec-12] org.apache.catalina.loader.WebappClassLoaderBase.checkThreadLocalMapForLeaks The web application [production-management-system] created a ThreadLocal with key of type [com.microsoft.sqlserver.jdbc.ActivityCorrelator$1] (value [com.microsoft.sqlserver.jdbc.ActivityCorrelator$1@206e22d4]) and a value of type [com.microsoft.sqlserver.jdbc.ActivityId] (value [99915972-8d77-4dbb-9381-0506eca6114c-55]) but failed to remove it when the web application was stopped. Threads are going to be renewed over time to try and avoid a probable memory leak.
05-Apr-2026 23:41:02.596 SEVERE [http-nio-8080-exec-12] org.apache.catalina.loader.WebappClassLoaderBase.checkThreadLocalMapForLeaks The web application [production-management-system] created a ThreadLocal with key of type [com.microsoft.sqlserver.jdbc.ActivityCorrelator$1] (value [com.microsoft.sqlserver.jdbc.ActivityCorrelator$1@206e22d4]) and a value of type [com.microsoft.sqlserver.jdbc.ActivityId] (value [de1ef3ec-b1e3-490f-8732-f775ead0f770-85]) but failed to remove it when the web application was stopped. Threads are going to be renewed over time to try and avoid a probable memory leak.
05-Apr-2026 23:41:02.597 SEVERE [http-nio-8080-exec-12] org.apache.catalina.loader.WebappClassLoaderBase.checkThreadLocalMapForLeaks The web application [production-management-system] created a ThreadLocal with key of type [com.microsoft.sqlserver.jdbc.ActivityCorrelator$1] (value [com.microsoft.sqlserver.jdbc.ActivityCorrelator$1@206e22d4]) and a value of type [com.microsoft.sqlserver.jdbc.ActivityId] (value [d399daba-3458-4e8b-9bec-d87c87fd8dcd-61]) but failed to remove it when the web application was stopped. Threads are going to be renewed over time to try and avoid a probable memory leak.
05-Apr-2026 23:41:02.597 SEVERE [http-nio-8080-exec-12] org.apache.catalina.loader.WebappClassLoaderBase.checkThreadLocalMapForLeaks The web application [production-management-system] created a ThreadLocal with key of type [com.microsoft.sqlserver.jdbc.ActivityCorrelator$1] (value [com.microsoft.sqlserver.jdbc.ActivityCorrelator$1@206e22d4]) and a value of type [com.microsoft.sqlserver.jdbc.ActivityId] (value [6bf55276-7233-4fac-8318-c6dc059f52ff-29]) but failed to remove it when the web application was stopped. Threads are going to be renewed over time to try and avoid a probable memory leak.
05-Apr-2026 23:41:02.597 SEVERE [http-nio-8080-exec-12] org.apache.catalina.loader.WebappClassLoaderBase.checkThreadLocalMapForLeaks The web application [production-management-system] created a ThreadLocal with key of type [com.microsoft.sqlserver.jdbc.ActivityCorrelator$1] (value [com.microsoft.sqlserver.jdbc.ActivityCorrelator$1@206e22d4]) and a value of type [com.microsoft.sqlserver.jdbc.ActivityId] (value [16e2921e-65b8-4573-b69b-cc62eb174f85-38]) but failed to remove it when the web application was stopped. Threads are going to be renewed over time to try and avoid a probable memory leak.
05-Apr-2026 23:41:02.627 SEVERE [http-nio-8080-exec-12] org.apache.catalina.loader.WebappClassLoaderBase.checkThreadLocalMapForLeaks The web application [production-management-system] created a ThreadLocal with key of type [com.microsoft.sqlserver.jdbc.ActivityCorrelator$1] (value [com.microsoft.sqlserver.jdbc.ActivityCorrelator$1@206e22d4]) and a value of type [com.microsoft.sqlserver.jdbc.ActivityId] (value [18cc6d32-626a-438e-9156-40b736dee572-69]) but failed to remove it when the web application was stopped. Threads are going to be renewed over time to try and avoid a probable memory leak.
05-Apr-2026 23:41:02.628 SEVERE [http-nio-8080-exec-12] org.apache.catalina.loader.WebappClassLoaderBase.checkThreadLocalMapForLeaks The web application [production-management-system] created a ThreadLocal with key of type [com.microsoft.sqlserver.jdbc.ActivityCorrelator$1] (value [com.microsoft.sqlserver.jdbc.ActivityCorrelator$1@206e22d4]) and a value of type [com.microsoft.sqlserver.jdbc.ActivityId] (value [5f39b2fb-4117-4e73-b34e-081e9318ee9b-38]) but failed to remove it when the web application was stopped. Threads are going to be renewed over time to try and avoid a probable memory leak.
05-Apr-2026 23:41:02.628 SEVERE [http-nio-8080-exec-12] org.apache.catalina.loader.WebappClassLoaderBase.checkThreadLocalMapForLeaks The web application [production-management-system] created a ThreadLocal with key of type [com.microsoft.sqlserver.jdbc.ActivityCorrelator$1] (value [com.microsoft.sqlserver.jdbc.ActivityCorrelator$1@206e22d4]) and a value of type [com.microsoft.sqlserver.jdbc.ActivityId] (value [52e2e3fd-083d-4265-9159-ccdfdc9a6540-56]) but failed to remove it when the web application was stopped. Threads are going to be renewed over time to try and avoid a probable memory leak.
05-Apr-2026 23:41:03.140 INFO [http-nio-8080-exec-12] org.apache.catalina.startup.HostConfig.undeploy Undeploying context [/production-management-system]
05-Apr-2026 23:41:03.154 INFO [http-nio-8080-exec-15] org.apache.catalina.startup.HostConfig.deployDescriptor Deploying deployment descriptor [D:\tools\apache-tomcat-9.0.108\conf\Catalina\localhost\production-management-system.xml]
05-Apr-2026 23:41:03.155 WARNING [http-nio-8080-exec-15] org.apache.catalina.startup.HostConfig.deployDescriptor The path attribute with value [/production-management-system] in deployment descriptor [D:\tools\apache-tomcat-9.0.108\conf\Catalina\localhost\production-management-system.xml] has been ignored
05-Apr-2026 23:41:03.410 INFO [http-nio-8080-exec-15] org.apache.jasper.servlet.TldScanner.scanJars At least one JAR was scanned for TLDs yet contained no TLDs. Enable debug logging for this logger for a complete list of JARs that were scanned but no TLDs were found in them. Skipping unneeded JARs during scanning can improve startup time and JSP compilation time.
05-Apr-2026 23:41:03.655 INFO [http-nio-8080-exec-15] org.apache.catalina.startup.HostConfig.deployDescriptor Deployment of deployment descriptor [D:\tools\apache-tomcat-9.0.108\conf\Catalina\localhost\production-management-system.xml] has finished in [501] ms
05-Apr-2026 23:41:03.658 INFO [http-nio-8080-exec-13] org.apache.catalina.util.LifecycleBase.start The start() method was called on component [StandardEngine[Catalina].StandardHost[localhost].StandardContext[/production-management-system]] after start() had already been called. The second call will be ignored.
