21-Mar-2026 20:49:14.485 INFO [main] org.apache.catalina.startup.VersionLoggerListener.log Server version name:   Apache Tomcat/9.0.108
21-Mar-2026 20:49:14.489 INFO [main] org.apache.catalina.startup.VersionLoggerListener.log Server built:          Jul 31 2025 18:19:48 UTC
21-Mar-2026 20:49:14.490 INFO [main] org.apache.catalina.startup.VersionLoggerListener.log Server version number: 9.0.108.0
21-Mar-2026 20:49:14.490 INFO [main] org.apache.catalina.startup.VersionLoggerListener.log OS Name:               Windows 10
21-Mar-2026 20:49:14.491 INFO [main] org.apache.catalina.startup.VersionLoggerListener.log OS Version:            10.0
21-Mar-2026 20:49:14.491 INFO [main] org.apache.catalina.startup.VersionLoggerListener.log Architecture:          amd64
21-Mar-2026 20:49:14.491 INFO [main] org.apache.catalina.startup.VersionLoggerListener.log Java Home:             C:\Program Files\Java\jdk1.8.0_172\jre
21-Mar-2026 20:49:14.491 INFO [main] org.apache.catalina.startup.VersionLoggerListener.log JVM Version:           1.8.0_172-b11
21-Mar-2026 20:49:14.491 INFO [main] org.apache.catalina.startup.VersionLoggerListener.log JVM Vendor:            Oracle Corporation
21-Mar-2026 20:49:14.491 INFO [main] org.apache.catalina.startup.VersionLoggerListener.log CATALINA_BASE:         D:\tools\apache-tomcat-9.0.108
21-Mar-2026 20:49:14.491 INFO [main] org.apache.catalina.startup.VersionLoggerListener.log CATALINA_HOME:         D:\tools\apache-tomcat-9.0.108
21-Mar-2026 20:49:14.494 INFO [main] org.apache.catalina.startup.VersionLoggerListener.log Command line argument: -Djava.util.logging.config.file=D:\tools\apache-tomcat-9.0.108\conf\logging.properties
21-Mar-2026 20:49:14.496 INFO [main] org.apache.catalina.startup.VersionLoggerListener.log Command line argument: -Djava.util.logging.manager=org.apache.juli.ClassLoaderLogManager
21-Mar-2026 20:49:14.496 INFO [main] org.apache.catalina.startup.VersionLoggerListener.log Command line argument: -Dhttp.nonProxyHosts=localhost|127.0.0.1|DESKTOP-UFCNPBB
21-Mar-2026 20:49:14.496 INFO [main] org.apache.catalina.startup.VersionLoggerListener.log Command line argument: -Djdk.tls.ephemeralDHKeySize=2048
21-Mar-2026 20:49:14.496 INFO [main] org.apache.catalina.startup.VersionLoggerListener.log Command line argument: -Djava.protocol.handler.pkgs=org.apache.catalina.webresources
21-Mar-2026 20:49:14.496 INFO [main] org.apache.catalina.startup.VersionLoggerListener.log Command line argument: -Dsun.io.useCanonCaches=false
21-Mar-2026 20:49:14.496 INFO [main] org.apache.catalina.startup.VersionLoggerListener.log Command line argument: -Dignore.endorsed.dirs=
21-Mar-2026 20:49:14.496 INFO [main] org.apache.catalina.startup.VersionLoggerListener.log Command line argument: -Dcatalina.base=D:\tools\apache-tomcat-9.0.108
21-Mar-2026 20:49:14.497 INFO [main] org.apache.catalina.startup.VersionLoggerListener.log Command line argument: -Dcatalina.home=D:\tools\apache-tomcat-9.0.108
21-Mar-2026 20:49:14.497 INFO [main] org.apache.catalina.startup.VersionLoggerListener.log Command line argument: -Djava.io.tmpdir=D:\tools\apache-tomcat-9.0.108\temp
21-Mar-2026 20:49:14.838 INFO [main] org.apache.catalina.core.AprLifecycleListener.lifecycleEvent Loaded Apache Tomcat Native library [1.3.1] using APR version [1.7.4].
21-Mar-2026 20:49:14.838 INFO [main] org.apache.catalina.core.AprLifecycleListener.lifecycleEvent APR capabilities: IPv6 [true], sendfile [true], accept filters [false], random [true], UDS [true].
21-Mar-2026 20:49:14.838 INFO [main] org.apache.catalina.core.AprLifecycleListener.lifecycleEvent APR/OpenSSL configuration: useAprConnector [false], useOpenSSL [true]
21-Mar-2026 20:49:14.850 INFO [main] org.apache.catalina.core.AprLifecycleListener.initializeSSL OpenSSL successfully initialized [OpenSSL 3.0.14 4 Jun 2024]
21-Mar-2026 20:49:15.455 INFO [main] org.apache.coyote.AbstractProtocol.init Initializing ProtocolHandler ["http-nio-8080"]
21-Mar-2026 20:49:15.488 INFO [main] org.apache.catalina.startup.Catalina.load Server initialization in [1358] milliseconds
21-Mar-2026 20:49:15.535 INFO [main] org.apache.catalina.core.StandardService.startInternal Starting service [Catalina]
21-Mar-2026 20:49:15.535 INFO [main] org.apache.catalina.core.StandardEngine.startInternal Starting Servlet engine: [Apache Tomcat/9.0.108]
21-Mar-2026 20:49:15.551 INFO [main] org.apache.catalina.startup.HostConfig.deployDirectory Deploying web application directory [D:\tools\apache-tomcat-9.0.108\webapps\docs]
21-Mar-2026 20:49:16.421 WARNING [main] org.apache.catalina.util.SessionIdGeneratorBase.createSecureRandom Creation of SecureRandom instance for session ID generation using [SHA1PRNG] took [560] milliseconds.
21-Mar-2026 20:49:16.440 INFO [main] org.apache.catalina.startup.HostConfig.deployDirectory Deployment of web application directory [D:\tools\apache-tomcat-9.0.108\webapps\docs] has finished in [889] ms
21-Mar-2026 20:49:16.441 INFO [main] org.apache.catalina.startup.HostConfig.deployDirectory Deploying web application directory [D:\tools\apache-tomcat-9.0.108\webapps\examples]
21-Mar-2026 20:49:17.776 INFO [main] org.apache.catalina.startup.HostConfig.deployDirectory Deployment of web application directory [D:\tools\apache-tomcat-9.0.108\webapps\examples] has finished in [1,335] ms
21-Mar-2026 20:49:17.776 INFO [main] org.apache.catalina.startup.HostConfig.deployDirectory Deploying web application directory [D:\tools\apache-tomcat-9.0.108\webapps\host-manager]
21-Mar-2026 20:49:17.802 INFO [main] org.apache.catalina.startup.HostConfig.deployDirectory Deployment of web application directory [D:\tools\apache-tomcat-9.0.108\webapps\host-manager] has finished in [26] ms
21-Mar-2026 20:49:17.803 INFO [main] org.apache.catalina.startup.HostConfig.deployDirectory Deploying web application directory [D:\tools\apache-tomcat-9.0.108\webapps\manager]
21-Mar-2026 20:49:17.846 INFO [main] org.apache.catalina.startup.HostConfig.deployDirectory Deployment of web application directory [D:\tools\apache-tomcat-9.0.108\webapps\manager] has finished in [43] ms
21-Mar-2026 20:49:17.846 INFO [main] org.apache.catalina.startup.HostConfig.deployDirectory Deploying web application directory [D:\tools\apache-tomcat-9.0.108\webapps\ROOT]
21-Mar-2026 20:49:17.863 INFO [main] org.apache.catalina.startup.HostConfig.deployDirectory Deployment of web application directory [D:\tools\apache-tomcat-9.0.108\webapps\ROOT] has finished in [17] ms
21-Mar-2026 20:49:17.866 INFO [main] org.apache.coyote.AbstractProtocol.start Starting ProtocolHandler ["http-nio-8080"]
21-Mar-2026 20:49:17.882 INFO [main] org.apache.catalina.startup.Catalina.start Server startup in [2392] milliseconds
21-Mar-2026 20:49:18.947 INFO [http-nio-8080-exec-7] org.apache.catalina.startup.HostConfig.deployDescriptor Deploying deployment descriptor [D:\tools\apache-tomcat-9.0.108\conf\Catalina\localhost\production-management-system.xml]
21-Mar-2026 20:49:18.950 WARNING [http-nio-8080-exec-7] org.apache.catalina.startup.HostConfig.deployDescriptor The path attribute with value [/production-management-system] in deployment descriptor [D:\tools\apache-tomcat-9.0.108\conf\Catalina\localhost\production-management-system.xml] has been ignored
21-Mar-2026 20:49:19.801 INFO [http-nio-8080-exec-7] org.apache.jasper.servlet.TldScanner.scanJars At least one JAR was scanned for TLDs yet contained no TLDs. Enable debug logging for this logger for a complete list of JARs that were scanned but no TLDs were found in them. Skipping unneeded JARs during scanning can improve startup time and JSP compilation time.
21-Mar-2026 20:49:21.698 INFO [http-nio-8080-exec-7] org.apache.catalina.startup.HostConfig.deployDescriptor Deployment of deployment descriptor [D:\tools\apache-tomcat-9.0.108\conf\Catalina\localhost\production-management-system.xml] has finished in [2,751] ms
21-Mar-2026 20:49:21.703 INFO [http-nio-8080-exec-9] org.apache.catalina.util.LifecycleBase.start The start() method was called on component [StandardEngine[Catalina].StandardHost[localhost].StandardContext[/production-management-system]] after start() had already been called. The second call will be ignored.
21-Mar-2026 21:32:51.460 WARNING [http-nio-8080-exec-1] org.apache.catalina.loader.WebappClassLoaderBase.clearReferencesJdbc The web application [production-management-system] registered the JDBC driver [com.microsoft.sqlserver.jdbc.SQLServerDriver] but failed to unregister it when the web application was stopped. To prevent a memory leak, the JDBC Driver has been forcibly unregistered.
21-Mar-2026 21:32:51.461 WARNING [http-nio-8080-exec-1] org.apache.catalina.loader.WebappClassLoaderBase.clearReferencesThreads The web application [production-management-system] appears to have started a thread named [Catalina-utility-2] but has failed to stop it. This is very likely to create a memory leak. Stack trace of thread:
 org.apache.catalina.core.StandardContext.backgroundProcess(StandardContext.java:4849)
 org.apache.catalina.core.ContainerBase$ContainerBackgroundProcessor.processChildren(ContainerBase.java:1172)
 org.apache.catalina.core.ContainerBase$ContainerBackgroundProcessor.processChildren(ContainerBase.java:1176)
 org.apache.catalina.core.ContainerBase$ContainerBackgroundProcessor.processChildren(ContainerBase.java:1176)
 org.apache.catalina.core.ContainerBase$ContainerBackgroundProcessor.run(ContainerBase.java:1154)
 java.util.concurrent.Executors$RunnableAdapter.call(Executors.java:511)
 java.util.concurrent.FutureTask.runAndReset(FutureTask.java:308)
 java.util.concurrent.ScheduledThreadPoolExecutor$ScheduledFutureTask.access$301(ScheduledThreadPoolExecutor.java:180)
 java.util.concurrent.ScheduledThreadPoolExecutor$ScheduledFutureTask.run(ScheduledThreadPoolExecutor.java:294)
 java.util.concurrent.ThreadPoolExecutor.runWorker(ThreadPoolExecutor.java:1149)
 java.util.concurrent.ThreadPoolExecutor$Worker.run(ThreadPoolExecutor.java:624)
 org.apache.tomcat.util.threads.TaskThread$WrappingRunnable.run(TaskThread.java:63)
 java.lang.Thread.run(Thread.java:748)
21-Mar-2026 21:32:51.461 SEVERE [http-nio-8080-exec-1] org.apache.catalina.loader.WebappClassLoaderBase.checkThreadLocalMapForLeaks The web application [production-management-system] created a ThreadLocal with key of type [com.microsoft.sqlserver.jdbc.ActivityCorrelator$1] (value [com.microsoft.sqlserver.jdbc.ActivityCorrelator$1@7614e244]) and a value of type [com.microsoft.sqlserver.jdbc.ActivityId] (value [5de9cf2d-0378-4ff7-98a6-71b0ff2c34c5-10]) but failed to remove it when the web application was stopped. Threads are going to be renewed over time to try and avoid a probable memory leak.
21-Mar-2026 21:32:51.462 SEVERE [http-nio-8080-exec-1] org.apache.catalina.loader.WebappClassLoaderBase.checkThreadLocalMapForLeaks The web application [production-management-system] created a ThreadLocal with key of type [com.microsoft.sqlserver.jdbc.ActivityCorrelator$1] (value [com.microsoft.sqlserver.jdbc.ActivityCorrelator$1@7614e244]) and a value of type [com.microsoft.sqlserver.jdbc.ActivityId] (value [d70b6932-b16a-4ea0-a382-484407cc54f6-27]) but failed to remove it when the web application was stopped. Threads are going to be renewed over time to try and avoid a probable memory leak.
21-Mar-2026 21:32:51.462 SEVERE [http-nio-8080-exec-1] org.apache.catalina.loader.WebappClassLoaderBase.checkThreadLocalMapForLeaks The web application [production-management-system] created a ThreadLocal with key of type [com.microsoft.sqlserver.jdbc.ActivityCorrelator$1] (value [com.microsoft.sqlserver.jdbc.ActivityCorrelator$1@7614e244]) and a value of type [com.microsoft.sqlserver.jdbc.ActivityId] (value [e4137efa-6357-45f3-85a4-5d23cbcbd6f6-8]) but failed to remove it when the web application was stopped. Threads are going to be renewed over time to try and avoid a probable memory leak.
21-Mar-2026 21:32:51.462 SEVERE [http-nio-8080-exec-1] org.apache.catalina.loader.WebappClassLoaderBase.checkThreadLocalMapForLeaks The web application [production-management-system] created a ThreadLocal with key of type [com.microsoft.sqlserver.jdbc.ActivityCorrelator$1] (value [com.microsoft.sqlserver.jdbc.ActivityCorrelator$1@7614e244]) and a value of type [com.microsoft.sqlserver.jdbc.ActivityId] (value [0aab6960-476a-4bc1-b191-24839313c874-3]) but failed to remove it when the web application was stopped. Threads are going to be renewed over time to try and avoid a probable memory leak.
21-Mar-2026 21:32:51.716 SEVERE [http-nio-8080-exec-1] org.apache.catalina.loader.WebappClassLoaderBase.checkThreadLocalMapForLeaks The web application [production-management-system] created a ThreadLocal with key of type [com.microsoft.sqlserver.jdbc.ActivityCorrelator$1] (value [com.microsoft.sqlserver.jdbc.ActivityCorrelator$1@7614e244]) and a value of type [com.microsoft.sqlserver.jdbc.ActivityId] (value [6589c408-9f1c-41a8-aab0-1ae4133dfa9c-13]) but failed to remove it when the web application was stopped. Threads are going to be renewed over time to try and avoid a probable memory leak.
21-Mar-2026 21:32:51.717 SEVERE [http-nio-8080-exec-1] org.apache.catalina.loader.WebappClassLoaderBase.checkThreadLocalMapForLeaks The web application [production-management-system] created a ThreadLocal with key of type [com.microsoft.sqlserver.jdbc.ActivityCorrelator$1] (value [com.microsoft.sqlserver.jdbc.ActivityCorrelator$1@7614e244]) and a value of type [com.microsoft.sqlserver.jdbc.ActivityId] (value [8a8d10fa-c47e-4946-9200-ed55e93b3651-9]) but failed to remove it when the web application was stopped. Threads are going to be renewed over time to try and avoid a probable memory leak.
21-Mar-2026 21:32:51.717 SEVERE [http-nio-8080-exec-1] org.apache.catalina.loader.WebappClassLoaderBase.checkThreadLocalMapForLeaks The web application [production-management-system] created a ThreadLocal with key of type [com.microsoft.sqlserver.jdbc.ActivityCorrelator$1] (value [com.microsoft.sqlserver.jdbc.ActivityCorrelator$1@7614e244]) and a value of type [com.microsoft.sqlserver.jdbc.ActivityId] (value [cc58c9a3-e80a-454b-b5af-046ed5427dc5-9]) but failed to remove it when the web application was stopped. Threads are going to be renewed over time to try and avoid a probable memory leak.
21-Mar-2026 21:32:51.717 SEVERE [http-nio-8080-exec-1] org.apache.catalina.loader.WebappClassLoaderBase.checkThreadLocalMapForLeaks The web application [production-management-system] created a ThreadLocal with key of type [com.microsoft.sqlserver.jdbc.ActivityCorrelator$1] (value [com.microsoft.sqlserver.jdbc.ActivityCorrelator$1@7614e244]) and a value of type [com.microsoft.sqlserver.jdbc.ActivityId] (value [6bfd8657-3f9e-4a09-86ea-586cd8b1f40b-10]) but failed to remove it when the web application was stopped. Threads are going to be renewed over time to try and avoid a probable memory leak.
21-Mar-2026 21:32:51.717 SEVERE [http-nio-8080-exec-1] org.apache.catalina.loader.WebappClassLoaderBase.checkThreadLocalMapForLeaks The web application [production-management-system] created a ThreadLocal with key of type [com.microsoft.sqlserver.jdbc.ActivityCorrelator$1] (value [com.microsoft.sqlserver.jdbc.ActivityCorrelator$1@7614e244]) and a value of type [com.microsoft.sqlserver.jdbc.ActivityId] (value [c3b2478a-cb70-4984-a417-463126b3698e-28]) but failed to remove it when the web application was stopped. Threads are going to be renewed over time to try and avoid a probable memory leak.
21-Mar-2026 21:32:51.717 SEVERE [http-nio-8080-exec-1] org.apache.catalina.loader.WebappClassLoaderBase.checkThreadLocalMapForLeaks The web application [production-management-system] created a ThreadLocal with key of type [com.microsoft.sqlserver.jdbc.ActivityCorrelator$1] (value [com.microsoft.sqlserver.jdbc.ActivityCorrelator$1@7614e244]) and a value of type [com.microsoft.sqlserver.jdbc.ActivityId] (value [b78ee293-4c99-4a05-9bd5-8d8541360084-33]) but failed to remove it when the web application was stopped. Threads are going to be renewed over time to try and avoid a probable memory leak.
21-Mar-2026 21:32:52.225 INFO [http-nio-8080-exec-1] org.apache.catalina.startup.HostConfig.undeploy Undeploying context [/production-management-system]
21-Mar-2026 21:32:52.257 INFO [http-nio-8080-exec-6] org.apache.catalina.startup.HostConfig.deployDescriptor Deploying deployment descriptor [D:\tools\apache-tomcat-9.0.108\conf\Catalina\localhost\production-management-system.xml]
21-Mar-2026 21:32:52.259 WARNING [http-nio-8080-exec-6] org.apache.catalina.startup.HostConfig.deployDescriptor The path attribute with value [/production-management-system] in deployment descriptor [D:\tools\apache-tomcat-9.0.108\conf\Catalina\localhost\production-management-system.xml] has been ignored
21-Mar-2026 21:32:52.716 INFO [http-nio-8080-exec-6] org.apache.jasper.servlet.TldScanner.scanJars At least one JAR was scanned for TLDs yet contained no TLDs. Enable debug logging for this logger for a complete list of JARs that were scanned but no TLDs were found in them. Skipping unneeded JARs during scanning can improve startup time and JSP compilation time.
21-Mar-2026 21:32:52.730 INFO [http-nio-8080-exec-6] org.apache.catalina.startup.HostConfig.deployDescriptor Deployment of deployment descriptor [D:\tools\apache-tomcat-9.0.108\conf\Catalina\localhost\production-management-system.xml] has finished in [473] ms
21-Mar-2026 21:32:52.734 INFO [http-nio-8080-exec-3] org.apache.catalina.util.LifecycleBase.start The start() method was called on component [StandardEngine[Catalina].StandardHost[localhost].StandardContext[/production-management-system]] after start() had already been called. The second call will be ignored.
21-Mar-2026 21:35:40.878 WARNING [http-nio-8080-exec-19] org.apache.catalina.loader.WebappClassLoaderBase.clearReferencesJdbc The web application [production-management-system] registered the JDBC driver [com.microsoft.sqlserver.jdbc.SQLServerDriver] but failed to unregister it when the web application was stopped. To prevent a memory leak, the JDBC Driver has been forcibly unregistered.
21-Mar-2026 21:35:41.394 INFO [http-nio-8080-exec-19] org.apache.catalina.startup.HostConfig.undeploy Undeploying context [/production-management-system]
21-Mar-2026 21:35:41.405 INFO [http-nio-8080-exec-11] org.apache.catalina.startup.HostConfig.deployDescriptor Deploying deployment descriptor [D:\tools\apache-tomcat-9.0.108\conf\Catalina\localhost\production-management-system.xml]
21-Mar-2026 21:35:41.406 WARNING [http-nio-8080-exec-11] org.apache.catalina.startup.HostConfig.deployDescriptor The path attribute with value [/production-management-system] in deployment descriptor [D:\tools\apache-tomcat-9.0.108\conf\Catalina\localhost\production-management-system.xml] has been ignored
21-Mar-2026 21:35:41.590 INFO [http-nio-8080-exec-11] org.apache.jasper.servlet.TldScanner.scanJars At least one JAR was scanned for TLDs yet contained no TLDs. Enable debug logging for this logger for a complete list of JARs that were scanned but no TLDs were found in them. Skipping unneeded JARs during scanning can improve startup time and JSP compilation time.
21-Mar-2026 21:35:41.604 INFO [http-nio-8080-exec-11] org.apache.catalina.startup.HostConfig.deployDescriptor Deployment of deployment descriptor [D:\tools\apache-tomcat-9.0.108\conf\Catalina\localhost\production-management-system.xml] has finished in [199] ms
21-Mar-2026 21:35:41.608 INFO [http-nio-8080-exec-15] org.apache.catalina.util.LifecycleBase.start The start() method was called on component [StandardEngine[Catalina].StandardHost[localhost].StandardContext[/production-management-system]] after start() had already been called. The second call will be ignored.
