06-Apr-2026 07:34:48.236 INFO [main] org.apache.catalina.startup.VersionLoggerListener.log Server version name:   Apache Tomcat/9.0.108
06-Apr-2026 07:34:48.238 INFO [main] org.apache.catalina.startup.VersionLoggerListener.log Server built:          Jul 31 2025 18:19:48 UTC
06-Apr-2026 07:34:48.238 INFO [main] org.apache.catalina.startup.VersionLoggerListener.log Server version number: 9.0.108.0
06-Apr-2026 07:34:48.238 INFO [main] org.apache.catalina.startup.VersionLoggerListener.log OS Name:               Windows 10
06-Apr-2026 07:34:48.238 INFO [main] org.apache.catalina.startup.VersionLoggerListener.log OS Version:            10.0
06-Apr-2026 07:34:48.238 INFO [main] org.apache.catalina.startup.VersionLoggerListener.log Architecture:          amd64
06-Apr-2026 07:34:48.238 INFO [main] org.apache.catalina.startup.VersionLoggerListener.log Java Home:             C:\Program Files\Java\jdk1.8.0_172\jre
06-Apr-2026 07:34:48.238 INFO [main] org.apache.catalina.startup.VersionLoggerListener.log JVM Version:           1.8.0_172-b11
06-Apr-2026 07:34:48.239 INFO [main] org.apache.catalina.startup.VersionLoggerListener.log JVM Vendor:            Oracle Corporation
06-Apr-2026 07:34:48.239 INFO [main] org.apache.catalina.startup.VersionLoggerListener.log CATALINA_BASE:         D:\tools\apache-tomcat-9.0.108
06-Apr-2026 07:34:48.239 INFO [main] org.apache.catalina.startup.VersionLoggerListener.log CATALINA_HOME:         D:\tools\apache-tomcat-9.0.108
06-Apr-2026 07:34:48.241 INFO [main] org.apache.catalina.startup.VersionLoggerListener.log Command line argument: -Djava.util.logging.config.file=D:\tools\apache-tomcat-9.0.108\conf\logging.properties
06-Apr-2026 07:34:48.241 INFO [main] org.apache.catalina.startup.VersionLoggerListener.log Command line argument: -Djava.util.logging.manager=org.apache.juli.ClassLoaderLogManager
06-Apr-2026 07:34:48.241 INFO [main] org.apache.catalina.startup.VersionLoggerListener.log Command line argument: -Dhttp.nonProxyHosts=localhost|127.0.0.1|DESKTOP-UFCNPBB
06-Apr-2026 07:34:48.241 INFO [main] org.apache.catalina.startup.VersionLoggerListener.log Command line argument: -Djdk.tls.ephemeralDHKeySize=2048
06-Apr-2026 07:34:48.241 INFO [main] org.apache.catalina.startup.VersionLoggerListener.log Command line argument: -Djava.protocol.handler.pkgs=org.apache.catalina.webresources
06-Apr-2026 07:34:48.241 INFO [main] org.apache.catalina.startup.VersionLoggerListener.log Command line argument: -Dsun.io.useCanonCaches=false
06-Apr-2026 07:34:48.241 INFO [main] org.apache.catalina.startup.VersionLoggerListener.log Command line argument: -Dignore.endorsed.dirs=
06-Apr-2026 07:34:48.241 INFO [main] org.apache.catalina.startup.VersionLoggerListener.log Command line argument: -Dcatalina.base=D:\tools\apache-tomcat-9.0.108
06-Apr-2026 07:34:48.241 INFO [main] org.apache.catalina.startup.VersionLoggerListener.log Command line argument: -Dcatalina.home=D:\tools\apache-tomcat-9.0.108
06-Apr-2026 07:34:48.241 INFO [main] org.apache.catalina.startup.VersionLoggerListener.log Command line argument: -Djava.io.tmpdir=D:\tools\apache-tomcat-9.0.108\temp
06-Apr-2026 07:34:48.399 INFO [main] org.apache.catalina.core.AprLifecycleListener.lifecycleEvent Loaded Apache Tomcat Native library [1.3.1] using APR version [1.7.4].
06-Apr-2026 07:34:48.399 INFO [main] org.apache.catalina.core.AprLifecycleListener.lifecycleEvent APR capabilities: IPv6 [true], sendfile [true], accept filters [false], random [true], UDS [true].
06-Apr-2026 07:34:48.399 INFO [main] org.apache.catalina.core.AprLifecycleListener.lifecycleEvent APR/OpenSSL configuration: useAprConnector [false], useOpenSSL [true]
06-Apr-2026 07:34:48.427 INFO [main] org.apache.catalina.core.AprLifecycleListener.initializeSSL OpenSSL successfully initialized [OpenSSL 3.0.14 4 Jun 2024]
06-Apr-2026 07:34:48.695 INFO [main] org.apache.coyote.AbstractProtocol.init Initializing ProtocolHandler ["http-nio-8080"]
06-Apr-2026 07:34:48.714 INFO [main] org.apache.catalina.startup.Catalina.load Server initialization in [625] milliseconds
06-Apr-2026 07:34:48.736 INFO [main] org.apache.catalina.core.StandardService.startInternal Starting service [Catalina]
06-Apr-2026 07:34:48.736 INFO [main] org.apache.catalina.core.StandardEngine.startInternal Starting Servlet engine: [Apache Tomcat/9.0.108]
06-Apr-2026 07:34:48.744 INFO [main] org.apache.catalina.startup.HostConfig.deployDescriptor Deploying deployment descriptor [D:\tools\apache-tomcat-9.0.108\conf\Catalina\localhost\production-management-system.xml]
06-Apr-2026 07:34:48.757 WARNING [main] org.apache.catalina.startup.HostConfig.deployDescriptor The path attribute with value [/production-management-system] in deployment descriptor [D:\tools\apache-tomcat-9.0.108\conf\Catalina\localhost\production-management-system.xml] has been ignored
06-Apr-2026 07:34:49.523 INFO [main] org.apache.jasper.servlet.TldScanner.scanJars At least one JAR was scanned for TLDs yet contained no TLDs. Enable debug logging for this logger for a complete list of JARs that were scanned but no TLDs were found in them. Skipping unneeded JARs during scanning can improve startup time and JSP compilation time.
06-Apr-2026 07:34:50.923 INFO [main] org.apache.catalina.startup.HostConfig.deployDescriptor Deployment of deployment descriptor [D:\tools\apache-tomcat-9.0.108\conf\Catalina\localhost\production-management-system.xml] has finished in [2,179] ms
06-Apr-2026 07:34:50.923 INFO [main] org.apache.catalina.startup.HostConfig.deployDirectory Deploying web application directory [D:\tools\apache-tomcat-9.0.108\webapps\docs]
06-Apr-2026 07:34:50.948 INFO [main] org.apache.catalina.startup.HostConfig.deployDirectory Deployment of web application directory [D:\tools\apache-tomcat-9.0.108\webapps\docs] has finished in [24] ms
06-Apr-2026 07:34:50.948 INFO [main] org.apache.catalina.startup.HostConfig.deployDirectory Deploying web application directory [D:\tools\apache-tomcat-9.0.108\webapps\examples]
06-Apr-2026 07:34:51.522 INFO [main] org.apache.catalina.startup.HostConfig.deployDirectory Deployment of web application directory [D:\tools\apache-tomcat-9.0.108\webapps\examples] has finished in [574] ms
06-Apr-2026 07:34:51.522 INFO [main] org.apache.catalina.startup.HostConfig.deployDirectory Deploying web application directory [D:\tools\apache-tomcat-9.0.108\webapps\host-manager]
06-Apr-2026 07:34:51.552 INFO [main] org.apache.catalina.startup.HostConfig.deployDirectory Deployment of web application directory [D:\tools\apache-tomcat-9.0.108\webapps\host-manager] has finished in [30] ms
06-Apr-2026 07:34:51.552 INFO [main] org.apache.catalina.startup.HostConfig.deployDirectory Deploying web application directory [D:\tools\apache-tomcat-9.0.108\webapps\manager]
06-Apr-2026 07:34:51.573 INFO [main] org.apache.catalina.startup.HostConfig.deployDirectory Deployment of web application directory [D:\tools\apache-tomcat-9.0.108\webapps\manager] has finished in [21] ms
06-Apr-2026 07:34:51.573 INFO [main] org.apache.catalina.startup.HostConfig.deployDirectory Deploying web application directory [D:\tools\apache-tomcat-9.0.108\webapps\ROOT]
06-Apr-2026 07:34:51.589 INFO [main] org.apache.catalina.startup.HostConfig.deployDirectory Deployment of web application directory [D:\tools\apache-tomcat-9.0.108\webapps\ROOT] has finished in [16] ms
06-Apr-2026 07:34:51.592 INFO [main] org.apache.coyote.AbstractProtocol.start Starting ProtocolHandler ["http-nio-8080"]
06-Apr-2026 07:34:51.611 INFO [main] org.apache.catalina.startup.Catalina.start Server startup in [2897] milliseconds
06-Apr-2026 07:34:55.104 WARNING [http-nio-8080-exec-10] org.apache.catalina.loader.WebappClassLoaderBase.clearReferencesJdbc The web application [production-management-system] registered the JDBC driver [com.microsoft.sqlserver.jdbc.SQLServerDriver] but failed to unregister it when the web application was stopped. To prevent a memory leak, the JDBC Driver has been forcibly unregistered.
06-Apr-2026 07:34:55.104 SEVERE [http-nio-8080-exec-10] org.apache.catalina.loader.WebappClassLoaderBase.checkThreadLocalMapForLeaks The web application [production-management-system] created a ThreadLocal with key of type [com.microsoft.sqlserver.jdbc.ActivityCorrelator$1] (value [com.microsoft.sqlserver.jdbc.ActivityCorrelator$1@5cf6bf4c]) and a value of type [com.microsoft.sqlserver.jdbc.ActivityId] (value [2ea1a2ef-a85e-4a44-8213-291b363f2216-8]) but failed to remove it when the web application was stopped. Threads are going to be renewed over time to try and avoid a probable memory leak.
06-Apr-2026 07:34:55.624 INFO [http-nio-8080-exec-10] org.apache.catalina.startup.HostConfig.undeploy Undeploying context [/production-management-system]
06-Apr-2026 07:34:55.652 INFO [http-nio-8080-exec-6] org.apache.catalina.startup.HostConfig.deployDescriptor Deploying deployment descriptor [D:\tools\apache-tomcat-9.0.108\conf\Catalina\localhost\production-management-system.xml]
06-Apr-2026 07:34:55.653 WARNING [http-nio-8080-exec-6] org.apache.catalina.startup.HostConfig.deployDescriptor The path attribute with value [/production-management-system] in deployment descriptor [D:\tools\apache-tomcat-9.0.108\conf\Catalina\localhost\production-management-system.xml] has been ignored
06-Apr-2026 07:34:55.911 INFO [http-nio-8080-exec-6] org.apache.jasper.servlet.TldScanner.scanJars At least one JAR was scanned for TLDs yet contained no TLDs. Enable debug logging for this logger for a complete list of JARs that were scanned but no TLDs were found in them. Skipping unneeded JARs during scanning can improve startup time and JSP compilation time.
06-Apr-2026 07:34:56.349 INFO [http-nio-8080-exec-6] org.apache.catalina.startup.HostConfig.deployDescriptor Deployment of deployment descriptor [D:\tools\apache-tomcat-9.0.108\conf\Catalina\localhost\production-management-system.xml] has finished in [696] ms
06-Apr-2026 07:34:56.352 INFO [http-nio-8080-exec-2] org.apache.catalina.util.LifecycleBase.start The start() method was called on component [StandardEngine[Catalina].StandardHost[localhost].StandardContext[/production-management-system]] after start() had already been called. The second call will be ignored.
06-Apr-2026 08:05:17.235 INFO [main] org.apache.catalina.core.StandardServer.await A valid shutdown command was received via the shutdown port. Stopping the Server instance.
06-Apr-2026 08:05:17.236 INFO [main] org.apache.coyote.AbstractProtocol.pause Pausing ProtocolHandler ["http-nio-8080"]
06-Apr-2026 08:05:18.127 INFO [main] org.apache.catalina.core.StandardService.stopInternal Stopping service [Catalina]
06-Apr-2026 08:05:18.166 WARNING [main] org.apache.catalina.loader.WebappClassLoaderBase.clearReferencesJdbc The web application [production-management-system] registered the JDBC driver [com.microsoft.sqlserver.jdbc.SQLServerDriver] but failed to unregister it when the web application was stopped. To prevent a memory leak, the JDBC Driver has been forcibly unregistered.
06-Apr-2026 08:05:18.167 SEVERE [main] org.apache.catalina.loader.WebappClassLoaderBase.checkThreadLocalMapForLeaks The web application [production-management-system] created a ThreadLocal with key of type [com.microsoft.sqlserver.jdbc.ActivityCorrelator$1] (value [com.microsoft.sqlserver.jdbc.ActivityCorrelator$1@b09fac1]) and a value of type [com.microsoft.sqlserver.jdbc.ActivityId] (value [c0fe15df-6357-405b-9d9b-7a4a615f2955-32]) but failed to remove it when the web application was stopped. Threads are going to be renewed over time to try and avoid a probable memory leak.
06-Apr-2026 08:05:18.167 SEVERE [main] org.apache.catalina.loader.WebappClassLoaderBase.checkThreadLocalMapForLeaks The web application [production-management-system] created a ThreadLocal with key of type [com.microsoft.sqlserver.jdbc.ActivityCorrelator$1] (value [com.microsoft.sqlserver.jdbc.ActivityCorrelator$1@b09fac1]) and a value of type [com.microsoft.sqlserver.jdbc.ActivityId] (value [06b66f39-4594-4aa1-8b65-b0c8c485a923-11]) but failed to remove it when the web application was stopped. Threads are going to be renewed over time to try and avoid a probable memory leak.
06-Apr-2026 08:05:18.168 SEVERE [main] org.apache.catalina.loader.WebappClassLoaderBase.checkThreadLocalMapForLeaks The web application [production-management-system] created a ThreadLocal with key of type [com.microsoft.sqlserver.jdbc.ActivityCorrelator$1] (value [com.microsoft.sqlserver.jdbc.ActivityCorrelator$1@b09fac1]) and a value of type [com.microsoft.sqlserver.jdbc.ActivityId] (value [6532b141-4dea-4cfa-8e10-0602b89587ea-7]) but failed to remove it when the web application was stopped. Threads are going to be renewed over time to try and avoid a probable memory leak.
06-Apr-2026 08:05:18.168 SEVERE [main] org.apache.catalina.loader.WebappClassLoaderBase.checkThreadLocalMapForLeaks The web application [production-management-system] created a ThreadLocal with key of type [com.microsoft.sqlserver.jdbc.ActivityCorrelator$1] (value [com.microsoft.sqlserver.jdbc.ActivityCorrelator$1@b09fac1]) and a value of type [com.microsoft.sqlserver.jdbc.ActivityId] (value [0e3262d9-612f-4326-8b3d-02ea36fbfff6-6]) but failed to remove it when the web application was stopped. Threads are going to be renewed over time to try and avoid a probable memory leak.
06-Apr-2026 08:05:18.168 SEVERE [main] org.apache.catalina.loader.WebappClassLoaderBase.checkThreadLocalMapForLeaks The web application [production-management-system] created a ThreadLocal with key of type [com.microsoft.sqlserver.jdbc.ActivityCorrelator$1] (value [com.microsoft.sqlserver.jdbc.ActivityCorrelator$1@b09fac1]) and a value of type [com.microsoft.sqlserver.jdbc.ActivityId] (value [aabe7a84-544a-46d3-b05f-d8518286bdea-7]) but failed to remove it when the web application was stopped. Threads are going to be renewed over time to try and avoid a probable memory leak.
06-Apr-2026 08:05:18.168 SEVERE [main] org.apache.catalina.loader.WebappClassLoaderBase.checkThreadLocalMapForLeaks The web application [production-management-system] created a ThreadLocal with key of type [com.microsoft.sqlserver.jdbc.ActivityCorrelator$1] (value [com.microsoft.sqlserver.jdbc.ActivityCorrelator$1@b09fac1]) and a value of type [com.microsoft.sqlserver.jdbc.ActivityId] (value [8bf8473a-cc97-4bc6-872d-bc4c6c398a21-4]) but failed to remove it when the web application was stopped. Threads are going to be renewed over time to try and avoid a probable memory leak.
06-Apr-2026 08:05:18.168 SEVERE [main] org.apache.catalina.loader.WebappClassLoaderBase.checkThreadLocalMapForLeaks The web application [production-management-system] created a ThreadLocal with key of type [com.microsoft.sqlserver.jdbc.ActivityCorrelator$1] (value [com.microsoft.sqlserver.jdbc.ActivityCorrelator$1@b09fac1]) and a value of type [com.microsoft.sqlserver.jdbc.ActivityId] (value [32ed9932-968e-453e-82ac-2afe1ff9700b-8]) but failed to remove it when the web application was stopped. Threads are going to be renewed over time to try and avoid a probable memory leak.
06-Apr-2026 08:05:18.182 SEVERE [main] org.apache.catalina.loader.WebappClassLoaderBase.checkThreadLocalMapForLeaks The web application [production-management-system] created a ThreadLocal with key of type [com.microsoft.sqlserver.jdbc.ActivityCorrelator$1] (value [com.microsoft.sqlserver.jdbc.ActivityCorrelator$1@b09fac1]) and a value of type [com.microsoft.sqlserver.jdbc.ActivityId] (value [ad165328-f518-46a1-8760-d210bd6aed59-4]) but failed to remove it when the web application was stopped. Threads are going to be renewed over time to try and avoid a probable memory leak.
06-Apr-2026 08:05:18.182 SEVERE [main] org.apache.catalina.loader.WebappClassLoaderBase.checkThreadLocalMapForLeaks The web application [production-management-system] created a ThreadLocal with key of type [com.microsoft.sqlserver.jdbc.ActivityCorrelator$1] (value [com.microsoft.sqlserver.jdbc.ActivityCorrelator$1@b09fac1]) and a value of type [com.microsoft.sqlserver.jdbc.ActivityId] (value [79c2a7de-1298-4579-b1d9-33459b27ab3b-11]) but failed to remove it when the web application was stopped. Threads are going to be renewed over time to try and avoid a probable memory leak.
06-Apr-2026 08:05:18.183 SEVERE [main] org.apache.catalina.loader.WebappClassLoaderBase.checkThreadLocalMapForLeaks The web application [production-management-system] created a ThreadLocal with key of type [com.microsoft.sqlserver.jdbc.ActivityCorrelator$1] (value [com.microsoft.sqlserver.jdbc.ActivityCorrelator$1@b09fac1]) and a value of type [com.microsoft.sqlserver.jdbc.ActivityId] (value [2bed42a8-fe8b-4fc1-8897-421ef735ffc0-6]) but failed to remove it when the web application was stopped. Threads are going to be renewed over time to try and avoid a probable memory leak.
06-Apr-2026 08:05:18.198 INFO [main] org.apache.coyote.AbstractProtocol.stop Stopping ProtocolHandler ["http-nio-8080"]
06-Apr-2026 08:05:18.218 INFO [main] org.apache.coyote.AbstractProtocol.destroy Destroying ProtocolHandler ["http-nio-8080"]
06-Apr-2026 14:28:25.644 INFO [main] org.apache.catalina.startup.VersionLoggerListener.log Server version name:   Apache Tomcat/9.0.108
06-Apr-2026 14:28:25.649 INFO [main] org.apache.catalina.startup.VersionLoggerListener.log Server built:          Jul 31 2025 18:19:48 UTC
06-Apr-2026 14:28:25.649 INFO [main] org.apache.catalina.startup.VersionLoggerListener.log Server version number: 9.0.108.0
06-Apr-2026 14:28:25.649 INFO [main] org.apache.catalina.startup.VersionLoggerListener.log OS Name:               Windows 10
06-Apr-2026 14:28:25.649 INFO [main] org.apache.catalina.startup.VersionLoggerListener.log OS Version:            10.0
06-Apr-2026 14:28:25.649 INFO [main] org.apache.catalina.startup.VersionLoggerListener.log Architecture:          amd64
06-Apr-2026 14:28:25.650 INFO [main] org.apache.catalina.startup.VersionLoggerListener.log Java Home:             C:\Program Files\Java\jdk1.8.0_172\jre
06-Apr-2026 14:28:25.650 INFO [main] org.apache.catalina.startup.VersionLoggerListener.log JVM Version:           1.8.0_172-b11
06-Apr-2026 14:28:25.650 INFO [main] org.apache.catalina.startup.VersionLoggerListener.log JVM Vendor:            Oracle Corporation
06-Apr-2026 14:28:25.650 INFO [main] org.apache.catalina.startup.VersionLoggerListener.log CATALINA_BASE:         D:\tools\apache-tomcat-9.0.108
06-Apr-2026 14:28:25.650 INFO [main] org.apache.catalina.startup.VersionLoggerListener.log CATALINA_HOME:         D:\tools\apache-tomcat-9.0.108
06-Apr-2026 14:28:25.653 INFO [main] org.apache.catalina.startup.VersionLoggerListener.log Command line argument: -Djava.util.logging.config.file=D:\tools\apache-tomcat-9.0.108\conf\logging.properties
06-Apr-2026 14:28:25.653 INFO [main] org.apache.catalina.startup.VersionLoggerListener.log Command line argument: -Djava.util.logging.manager=org.apache.juli.ClassLoaderLogManager
06-Apr-2026 14:28:25.653 INFO [main] org.apache.catalina.startup.VersionLoggerListener.log Command line argument: -Dhttp.nonProxyHosts=localhost|127.0.0.1|DESKTOP-UFCNPBB
06-Apr-2026 14:28:25.654 INFO [main] org.apache.catalina.startup.VersionLoggerListener.log Command line argument: -Djdk.tls.ephemeralDHKeySize=2048
06-Apr-2026 14:28:25.654 INFO [main] org.apache.catalina.startup.VersionLoggerListener.log Command line argument: -Djava.protocol.handler.pkgs=org.apache.catalina.webresources
06-Apr-2026 14:28:25.654 INFO [main] org.apache.catalina.startup.VersionLoggerListener.log Command line argument: -Dsun.io.useCanonCaches=false
06-Apr-2026 14:28:25.654 INFO [main] org.apache.catalina.startup.VersionLoggerListener.log Command line argument: -Dignore.endorsed.dirs=
06-Apr-2026 14:28:25.654 INFO [main] org.apache.catalina.startup.VersionLoggerListener.log Command line argument: -Dcatalina.base=D:\tools\apache-tomcat-9.0.108
06-Apr-2026 14:28:25.654 INFO [main] org.apache.catalina.startup.VersionLoggerListener.log Command line argument: -Dcatalina.home=D:\tools\apache-tomcat-9.0.108
06-Apr-2026 14:28:25.654 INFO [main] org.apache.catalina.startup.VersionLoggerListener.log Command line argument: -Djava.io.tmpdir=D:\tools\apache-tomcat-9.0.108\temp
06-Apr-2026 14:28:25.660 INFO [main] org.apache.catalina.core.AprLifecycleListener.lifecycleEvent Loaded Apache Tomcat Native library [1.3.1] using APR version [1.7.4].
06-Apr-2026 14:28:25.660 INFO [main] org.apache.catalina.core.AprLifecycleListener.lifecycleEvent APR capabilities: IPv6 [true], sendfile [true], accept filters [false], random [true], UDS [true].
06-Apr-2026 14:28:25.660 INFO [main] org.apache.catalina.core.AprLifecycleListener.lifecycleEvent APR/OpenSSL configuration: useAprConnector [false], useOpenSSL [true]
06-Apr-2026 14:28:25.673 INFO [main] org.apache.catalina.core.AprLifecycleListener.initializeSSL OpenSSL successfully initialized [OpenSSL 3.0.14 4 Jun 2024]
06-Apr-2026 14:28:26.256 INFO [main] org.apache.coyote.AbstractProtocol.init Initializing ProtocolHandler ["http-nio-8080"]
06-Apr-2026 14:28:26.304 INFO [main] org.apache.catalina.startup.Catalina.load Server initialization in [1026] milliseconds
06-Apr-2026 14:28:26.374 INFO [main] org.apache.catalina.core.StandardService.startInternal Starting service [Catalina]
06-Apr-2026 14:28:26.374 INFO [main] org.apache.catalina.core.StandardEngine.startInternal Starting Servlet engine: [Apache Tomcat/9.0.108]
06-Apr-2026 14:28:26.394 INFO [main] org.apache.catalina.startup.HostConfig.deployDescriptor Deploying deployment descriptor [D:\tools\apache-tomcat-9.0.108\conf\Catalina\localhost\production-management-system.xml]
06-Apr-2026 14:28:26.431 WARNING [main] org.apache.catalina.startup.HostConfig.deployDescriptor The path attribute with value [/production-management-system] in deployment descriptor [D:\tools\apache-tomcat-9.0.108\conf\Catalina\localhost\production-management-system.xml] has been ignored
06-Apr-2026 14:28:27.683 INFO [main] org.apache.jasper.servlet.TldScanner.scanJars At least one JAR was scanned for TLDs yet contained no TLDs. Enable debug logging for this logger for a complete list of JARs that were scanned but no TLDs were found in them. Skipping unneeded JARs during scanning can improve startup time and JSP compilation time.
06-Apr-2026 14:28:30.112 INFO [main] org.apache.catalina.startup.HostConfig.deployDescriptor Deployment of deployment descriptor [D:\tools\apache-tomcat-9.0.108\conf\Catalina\localhost\production-management-system.xml] has finished in [3,717] ms
06-Apr-2026 14:28:30.113 INFO [main] org.apache.catalina.startup.HostConfig.deployDirectory Deploying web application directory [D:\tools\apache-tomcat-9.0.108\webapps\docs]
06-Apr-2026 14:28:30.151 INFO [main] org.apache.catalina.startup.HostConfig.deployDirectory Deployment of web application directory [D:\tools\apache-tomcat-9.0.108\webapps\docs] has finished in [37] ms
06-Apr-2026 14:28:30.151 INFO [main] org.apache.catalina.startup.HostConfig.deployDirectory Deploying web application directory [D:\tools\apache-tomcat-9.0.108\webapps\examples]
06-Apr-2026 14:28:30.638 INFO [main] org.apache.catalina.startup.HostConfig.deployDirectory Deployment of web application directory [D:\tools\apache-tomcat-9.0.108\webapps\examples] has finished in [487] ms
06-Apr-2026 14:28:30.638 INFO [main] org.apache.catalina.startup.HostConfig.deployDirectory Deploying web application directory [D:\tools\apache-tomcat-9.0.108\webapps\host-manager]
06-Apr-2026 14:28:30.692 INFO [main] org.apache.catalina.startup.HostConfig.deployDirectory Deployment of web application directory [D:\tools\apache-tomcat-9.0.108\webapps\host-manager] has finished in [54] ms
06-Apr-2026 14:28:30.694 INFO [main] org.apache.catalina.startup.HostConfig.deployDirectory Deploying web application directory [D:\tools\apache-tomcat-9.0.108\webapps\manager]
06-Apr-2026 14:28:30.736 INFO [main] org.apache.catalina.startup.HostConfig.deployDirectory Deployment of web application directory [D:\tools\apache-tomcat-9.0.108\webapps\manager] has finished in [44] ms
06-Apr-2026 14:28:30.736 INFO [main] org.apache.catalina.startup.HostConfig.deployDirectory Deploying web application directory [D:\tools\apache-tomcat-9.0.108\webapps\ROOT]
06-Apr-2026 14:28:30.772 INFO [main] org.apache.catalina.startup.HostConfig.deployDirectory Deployment of web application directory [D:\tools\apache-tomcat-9.0.108\webapps\ROOT] has finished in [35] ms
06-Apr-2026 14:28:30.777 INFO [main] org.apache.coyote.AbstractProtocol.start Starting ProtocolHandler ["http-nio-8080"]
06-Apr-2026 14:28:30.811 INFO [main] org.apache.catalina.startup.Catalina.start Server startup in [4505] milliseconds
06-Apr-2026 14:34:49.267 WARNING [http-nio-8080-exec-1] org.apache.catalina.loader.WebappClassLoaderBase.clearReferencesJdbc The web application [production-management-system] registered the JDBC driver [com.microsoft.sqlserver.jdbc.SQLServerDriver] but failed to unregister it when the web application was stopped. To prevent a memory leak, the JDBC Driver has been forcibly unregistered.
06-Apr-2026 14:34:49.268 SEVERE [http-nio-8080-exec-1] org.apache.catalina.loader.WebappClassLoaderBase.checkThreadLocalMapForLeaks The web application [production-management-system] created a ThreadLocal with key of type [com.microsoft.sqlserver.jdbc.ActivityCorrelator$1] (value [com.microsoft.sqlserver.jdbc.ActivityCorrelator$1@1d57bd9f]) and a value of type [com.microsoft.sqlserver.jdbc.ActivityId] (value [b9dea8a3-138d-471f-af0e-2c97935a0763-8]) but failed to remove it when the web application was stopped. Threads are going to be renewed over time to try and avoid a probable memory leak.
06-Apr-2026 14:34:49.775 INFO [http-nio-8080-exec-1] org.apache.catalina.startup.HostConfig.undeploy Undeploying context [/production-management-system]
06-Apr-2026 14:34:49.812 INFO [http-nio-8080-exec-3] org.apache.catalina.startup.HostConfig.deployDescriptor Deploying deployment descriptor [D:\tools\apache-tomcat-9.0.108\conf\Catalina\localhost\production-management-system.xml]
06-Apr-2026 14:34:49.814 WARNING [http-nio-8080-exec-3] org.apache.catalina.startup.HostConfig.deployDescriptor The path attribute with value [/production-management-system] in deployment descriptor [D:\tools\apache-tomcat-9.0.108\conf\Catalina\localhost\production-management-system.xml] has been ignored
06-Apr-2026 14:34:50.321 INFO [http-nio-8080-exec-3] org.apache.jasper.servlet.TldScanner.scanJars At least one JAR was scanned for TLDs yet contained no TLDs. Enable debug logging for this logger for a complete list of JARs that were scanned but no TLDs were found in them. Skipping unneeded JARs during scanning can improve startup time and JSP compilation time.
06-Apr-2026 14:34:51.055 INFO [http-nio-8080-exec-3] org.apache.catalina.startup.HostConfig.deployDescriptor Deployment of deployment descriptor [D:\tools\apache-tomcat-9.0.108\conf\Catalina\localhost\production-management-system.xml] has finished in [1,242] ms
06-Apr-2026 14:34:51.060 INFO [http-nio-8080-exec-5] org.apache.catalina.util.LifecycleBase.start The start() method was called on component [StandardEngine[Catalina].StandardHost[localhost].StandardContext[/production-management-system]] after start() had already been called. The second call will be ignored.
06-Apr-2026 15:15:22.919 WARNING [http-nio-8080-exec-13] org.apache.catalina.loader.WebappClassLoaderBase.clearReferencesJdbc The web application [production-management-system] registered the JDBC driver [com.microsoft.sqlserver.jdbc.SQLServerDriver] but failed to unregister it when the web application was stopped. To prevent a memory leak, the JDBC Driver has been forcibly unregistered.
06-Apr-2026 15:15:22.920 SEVERE [http-nio-8080-exec-13] org.apache.catalina.loader.WebappClassLoaderBase.checkThreadLocalMapForLeaks The web application [production-management-system] created a ThreadLocal with key of type [com.microsoft.sqlserver.jdbc.ActivityCorrelator$1] (value [com.microsoft.sqlserver.jdbc.ActivityCorrelator$1@576a0f59]) and a value of type [com.microsoft.sqlserver.jdbc.ActivityId] (value [a25698dc-eceb-4194-b4f0-12e9982511c7-21]) but failed to remove it when the web application was stopped. Threads are going to be renewed over time to try and avoid a probable memory leak.
06-Apr-2026 15:15:22.920 SEVERE [http-nio-8080-exec-13] org.apache.catalina.loader.WebappClassLoaderBase.checkThreadLocalMapForLeaks The web application [production-management-system] created a ThreadLocal with key of type [com.microsoft.sqlserver.jdbc.ActivityCorrelator$1] (value [com.microsoft.sqlserver.jdbc.ActivityCorrelator$1@576a0f59]) and a value of type [com.microsoft.sqlserver.jdbc.ActivityId] (value [20d07101-9ba1-4fa8-8765-16a248f4e248-1]) but failed to remove it when the web application was stopped. Threads are going to be renewed over time to try and avoid a probable memory leak.
06-Apr-2026 15:15:22.920 SEVERE [http-nio-8080-exec-13] org.apache.catalina.loader.WebappClassLoaderBase.checkThreadLocalMapForLeaks The web application [production-management-system] created a ThreadLocal with key of type [com.microsoft.sqlserver.jdbc.ActivityCorrelator$1] (value [com.microsoft.sqlserver.jdbc.ActivityCorrelator$1@576a0f59]) and a value of type [com.microsoft.sqlserver.jdbc.ActivityId] (value [48142aff-13af-462d-aafc-11d07d3b64a0-19]) but failed to remove it when the web application was stopped. Threads are going to be renewed over time to try and avoid a probable memory leak.
06-Apr-2026 15:15:22.921 SEVERE [http-nio-8080-exec-13] org.apache.catalina.loader.WebappClassLoaderBase.checkThreadLocalMapForLeaks The web application [production-management-system] created a ThreadLocal with key of type [com.microsoft.sqlserver.jdbc.ActivityCorrelator$1] (value [com.microsoft.sqlserver.jdbc.ActivityCorrelator$1@576a0f59]) and a value of type [com.microsoft.sqlserver.jdbc.ActivityId] (value [18696b85-2f8d-40f4-ad5a-44adda8176c6-3]) but failed to remove it when the web application was stopped. Threads are going to be renewed over time to try and avoid a probable memory leak.
06-Apr-2026 15:15:23.428 INFO [http-nio-8080-exec-13] org.apache.catalina.startup.HostConfig.undeploy Undeploying context [/production-management-system]
06-Apr-2026 15:15:23.447 INFO [http-nio-8080-exec-12] org.apache.catalina.startup.HostConfig.deployDescriptor Deploying deployment descriptor [D:\tools\apache-tomcat-9.0.108\conf\Catalina\localhost\production-management-system.xml]
06-Apr-2026 15:15:23.448 WARNING [http-nio-8080-exec-12] org.apache.catalina.startup.HostConfig.deployDescriptor The path attribute with value [/production-management-system] in deployment descriptor [D:\tools\apache-tomcat-9.0.108\conf\Catalina\localhost\production-management-system.xml] has been ignored
06-Apr-2026 15:15:23.961 INFO [http-nio-8080-exec-12] org.apache.jasper.servlet.TldScanner.scanJars At least one JAR was scanned for TLDs yet contained no TLDs. Enable debug logging for this logger for a complete list of JARs that were scanned but no TLDs were found in them. Skipping unneeded JARs during scanning can improve startup time and JSP compilation time.
06-Apr-2026 15:15:24.836 INFO [http-nio-8080-exec-12] org.apache.catalina.startup.HostConfig.deployDescriptor Deployment of deployment descriptor [D:\tools\apache-tomcat-9.0.108\conf\Catalina\localhost\production-management-system.xml] has finished in [1,388] ms
06-Apr-2026 15:15:24.843 INFO [http-nio-8080-exec-16] org.apache.catalina.util.LifecycleBase.start The start() method was called on component [StandardEngine[Catalina].StandardHost[localhost].StandardContext[/production-management-system]] after start() had already been called. The second call will be ignored.
06-Apr-2026 22:40:55.756 WARNING [http-nio-8080-exec-30] org.apache.catalina.loader.WebappClassLoaderBase.clearReferencesJdbc The web application [production-management-system] registered the JDBC driver [com.microsoft.sqlserver.jdbc.SQLServerDriver] but failed to unregister it when the web application was stopped. To prevent a memory leak, the JDBC Driver has been forcibly unregistered.
06-Apr-2026 22:40:55.762 SEVERE [http-nio-8080-exec-30] org.apache.catalina.loader.WebappClassLoaderBase.checkThreadLocalMapForLeaks The web application [production-management-system] created a ThreadLocal with key of type [com.microsoft.sqlserver.jdbc.ActivityCorrelator$1] (value [com.microsoft.sqlserver.jdbc.ActivityCorrelator$1@3272adcd]) and a value of type [com.microsoft.sqlserver.jdbc.ActivityId] (value [d158c886-7f53-400f-979c-86b661df28b1-18]) but failed to remove it when the web application was stopped. Threads are going to be renewed over time to try and avoid a probable memory leak.
06-Apr-2026 22:40:55.762 SEVERE [http-nio-8080-exec-30] org.apache.catalina.loader.WebappClassLoaderBase.checkThreadLocalMapForLeaks The web application [production-management-system] created a ThreadLocal with key of type [com.microsoft.sqlserver.jdbc.ActivityCorrelator$1] (value [com.microsoft.sqlserver.jdbc.ActivityCorrelator$1@3272adcd]) and a value of type [com.microsoft.sqlserver.jdbc.ActivityId] (value [fbbb8dbd-fe4e-4248-9f3b-c311dc499865-37]) but failed to remove it when the web application was stopped. Threads are going to be renewed over time to try and avoid a probable memory leak.
06-Apr-2026 22:40:55.763 SEVERE [http-nio-8080-exec-30] org.apache.catalina.loader.WebappClassLoaderBase.checkThreadLocalMapForLeaks The web application [production-management-system] created a ThreadLocal with key of type [com.microsoft.sqlserver.jdbc.ActivityCorrelator$1] (value [com.microsoft.sqlserver.jdbc.ActivityCorrelator$1@3272adcd]) and a value of type [com.microsoft.sqlserver.jdbc.ActivityId] (value [646f757e-5584-4236-8e61-eab2778371e3-14]) but failed to remove it when the web application was stopped. Threads are going to be renewed over time to try and avoid a probable memory leak.
06-Apr-2026 22:40:55.763 SEVERE [http-nio-8080-exec-30] org.apache.catalina.loader.WebappClassLoaderBase.checkThreadLocalMapForLeaks The web application [production-management-system] created a ThreadLocal with key of type [com.microsoft.sqlserver.jdbc.ActivityCorrelator$1] (value [com.microsoft.sqlserver.jdbc.ActivityCorrelator$1@3272adcd]) and a value of type [com.microsoft.sqlserver.jdbc.ActivityId] (value [56b4a325-75d3-4d5a-bc29-fe722046e8cf-28]) but failed to remove it when the web application was stopped. Threads are going to be renewed over time to try and avoid a probable memory leak.
06-Apr-2026 22:40:55.763 SEVERE [http-nio-8080-exec-30] org.apache.catalina.loader.WebappClassLoaderBase.checkThreadLocalMapForLeaks The web application [production-management-system] created a ThreadLocal with key of type [com.microsoft.sqlserver.jdbc.ActivityCorrelator$1] (value [com.microsoft.sqlserver.jdbc.ActivityCorrelator$1@3272adcd]) and a value of type [com.microsoft.sqlserver.jdbc.ActivityId] (value [b7b68bc8-77b6-485b-8269-02d19aae68c0-17]) but failed to remove it when the web application was stopped. Threads are going to be renewed over time to try and avoid a probable memory leak.
06-Apr-2026 22:40:55.764 SEVERE [http-nio-8080-exec-30] org.apache.catalina.loader.WebappClassLoaderBase.checkThreadLocalMapForLeaks The web application [production-management-system] created a ThreadLocal with key of type [com.microsoft.sqlserver.jdbc.ActivityCorrelator$1] (value [com.microsoft.sqlserver.jdbc.ActivityCorrelator$1@3272adcd]) and a value of type [com.microsoft.sqlserver.jdbc.ActivityId] (value [ccf9106a-3b61-4f33-8edf-a2f9236890d3-17]) but failed to remove it when the web application was stopped. Threads are going to be renewed over time to try and avoid a probable memory leak.
06-Apr-2026 22:40:55.764 SEVERE [http-nio-8080-exec-30] org.apache.catalina.loader.WebappClassLoaderBase.checkThreadLocalMapForLeaks The web application [production-management-system] created a ThreadLocal with key of type [com.microsoft.sqlserver.jdbc.ActivityCorrelator$1] (value [com.microsoft.sqlserver.jdbc.ActivityCorrelator$1@3272adcd]) and a value of type [com.microsoft.sqlserver.jdbc.ActivityId] (value [f151e435-79cc-4814-9df7-9f872db1b3b0-35]) but failed to remove it when the web application was stopped. Threads are going to be renewed over time to try and avoid a probable memory leak.
06-Apr-2026 22:40:55.820 SEVERE [http-nio-8080-exec-30] org.apache.catalina.loader.WebappClassLoaderBase.checkThreadLocalMapForLeaks The web application [production-management-system] created a ThreadLocal with key of type [com.microsoft.sqlserver.jdbc.ActivityCorrelator$1] (value [com.microsoft.sqlserver.jdbc.ActivityCorrelator$1@3272adcd]) and a value of type [com.microsoft.sqlserver.jdbc.ActivityId] (value [35df3df0-3903-49aa-978c-81918af5d48d-15]) but failed to remove it when the web application was stopped. Threads are going to be renewed over time to try and avoid a probable memory leak.
06-Apr-2026 22:40:55.823 SEVERE [http-nio-8080-exec-30] org.apache.catalina.loader.WebappClassLoaderBase.checkThreadLocalMapForLeaks The web application [production-management-system] created a ThreadLocal with key of type [com.microsoft.sqlserver.jdbc.ActivityCorrelator$1] (value [com.microsoft.sqlserver.jdbc.ActivityCorrelator$1@3272adcd]) and a value of type [com.microsoft.sqlserver.jdbc.ActivityId] (value [ee1b2ac6-ffa1-4a9b-9804-7ac58fb1c63f-23]) but failed to remove it when the web application was stopped. Threads are going to be renewed over time to try and avoid a probable memory leak.
06-Apr-2026 22:40:55.823 SEVERE [http-nio-8080-exec-30] org.apache.catalina.loader.WebappClassLoaderBase.checkThreadLocalMapForLeaks The web application [production-management-system] created a ThreadLocal with key of type [com.microsoft.sqlserver.jdbc.ActivityCorrelator$1] (value [com.microsoft.sqlserver.jdbc.ActivityCorrelator$1@3272adcd]) and a value of type [com.microsoft.sqlserver.jdbc.ActivityId] (value [e1af9395-813e-4464-b025-f4881630f244-23]) but failed to remove it when the web application was stopped. Threads are going to be renewed over time to try and avoid a probable memory leak.
06-Apr-2026 22:40:56.334 INFO [http-nio-8080-exec-30] org.apache.catalina.startup.HostConfig.undeploy Undeploying context [/production-management-system]
06-Apr-2026 22:40:56.387 INFO [http-nio-8080-exec-22] org.apache.catalina.startup.HostConfig.deployDescriptor Deploying deployment descriptor [D:\tools\apache-tomcat-9.0.108\conf\Catalina\localhost\production-management-system.xml]
06-Apr-2026 22:40:56.396 WARNING [http-nio-8080-exec-22] org.apache.catalina.startup.HostConfig.deployDescriptor The path attribute with value [/production-management-system] in deployment descriptor [D:\tools\apache-tomcat-9.0.108\conf\Catalina\localhost\production-management-system.xml] has been ignored
06-Apr-2026 22:40:57.183 INFO [http-nio-8080-exec-22] org.apache.jasper.servlet.TldScanner.scanJars At least one JAR was scanned for TLDs yet contained no TLDs. Enable debug logging for this logger for a complete list of JARs that were scanned but no TLDs were found in them. Skipping unneeded JARs during scanning can improve startup time and JSP compilation time.
06-Apr-2026 22:40:57.975 INFO [http-nio-8080-exec-22] org.apache.catalina.startup.HostConfig.deployDescriptor Deployment of deployment descriptor [D:\tools\apache-tomcat-9.0.108\conf\Catalina\localhost\production-management-system.xml] has finished in [1,587] ms
06-Apr-2026 22:40:57.979 INFO [http-nio-8080-exec-21] org.apache.catalina.util.LifecycleBase.start The start() method was called on component [StandardEngine[Catalina].StandardHost[localhost].StandardContext[/production-management-system]] after start() had already been called. The second call will be ignored.
06-Apr-2026 22:42:03.050 INFO [Catalina-utility-2] org.apache.catalina.startup.HostConfig.reload Reloading context [/production-management-system]
06-Apr-2026 22:42:03.050 INFO [Catalina-utility-2] org.apache.catalina.core.StandardContext.reload Reloading Context with name [/production-management-system] has started
06-Apr-2026 22:42:03.070 WARNING [Catalina-utility-2] org.apache.catalina.loader.WebappClassLoaderBase.clearReferencesJdbc The web application [production-management-system] registered the JDBC driver [com.microsoft.sqlserver.jdbc.SQLServerDriver] but failed to unregister it when the web application was stopped. To prevent a memory leak, the JDBC Driver has been forcibly unregistered.
06-Apr-2026 22:42:03.071 SEVERE [Catalina-utility-2] org.apache.catalina.loader.WebappClassLoaderBase.checkThreadLocalMapForLeaks The web application [production-management-system] created a ThreadLocal with key of type [com.microsoft.sqlserver.jdbc.ActivityCorrelator$1] (value [com.microsoft.sqlserver.jdbc.ActivityCorrelator$1@437e27e5]) and a value of type [com.microsoft.sqlserver.jdbc.ActivityId] (value [eb3915f5-366b-4651-a083-bcdfd834a6aa-3]) but failed to remove it when the web application was stopped. Threads are going to be renewed over time to try and avoid a probable memory leak.
06-Apr-2026 22:42:03.146 INFO [Catalina-utility-2] org.apache.catalina.core.StandardContext.reload Reloading Context with name [/production-management-system] is completed
06-Apr-2026 22:42:33.686 INFO [Catalina-utility-2] org.apache.catalina.startup.HostConfig.undeploy Undeploying context [/production-management-system]
06-Apr-2026 22:42:33.736 INFO [Catalina-utility-2] org.apache.catalina.startup.HostConfig.deployDescriptor Deploying deployment descriptor [D:\tools\apache-tomcat-9.0.108\conf\Catalina\localhost\production-management-system.xml]
06-Apr-2026 22:42:33.742 WARNING [Catalina-utility-2] org.apache.catalina.startup.HostConfig.deployDescriptor The path attribute with value [/production-management-system] in deployment descriptor [D:\tools\apache-tomcat-9.0.108\conf\Catalina\localhost\production-management-system.xml] has been ignored
06-Apr-2026 22:42:33.759 SEVERE [Catalina-utility-2] org.apache.catalina.startup.HostConfig.deployDescriptor Error deploying deployment descriptor [D:\tools\apache-tomcat-9.0.108\conf\Catalina\localhost\production-management-system.xml]
	java.lang.IllegalStateException: Error starting child
		at org.apache.catalina.core.ContainerBase.addChildInternal(ContainerBase.java:602)
		at org.apache.catalina.core.ContainerBase.addChild(ContainerBase.java:571)
		at org.apache.catalina.core.StandardHost.addChild(StandardHost.java:603)
		at org.apache.catalina.startup.HostConfig.deployDescriptor(HostConfig.java:680)
		at org.apache.catalina.startup.HostConfig$DeployDescriptor.run(HostConfig.java:1839)
		at java.util.concurrent.Executors$RunnableAdapter.call(Executors.java:511)
		at java.util.concurrent.FutureTask.run(FutureTask.java:266)
		at org.apache.tomcat.util.threads.InlineExecutorService.execute(InlineExecutorService.java:76)
		at java.util.concurrent.AbstractExecutorService.submit(AbstractExecutorService.java:112)
		at org.apache.catalina.startup.HostConfig.deployDescriptors(HostConfig.java:575)
		at org.apache.catalina.startup.HostConfig.deployApps(HostConfig.java:466)
		at org.apache.catalina.startup.HostConfig.check(HostConfig.java:1628)
		at org.apache.catalina.startup.HostConfig.lifecycleEvent(HostConfig.java:308)
		at org.apache.catalina.util.LifecycleBase.fireLifecycleEvent(LifecycleBase.java:109)
		at org.apache.catalina.core.ContainerBase.backgroundProcess(ContainerBase.java:973)
		at org.apache.catalina.core.ContainerBase$ContainerBackgroundProcessor.processChildren(ContainerBase.java:1172)
		at org.apache.catalina.core.ContainerBase$ContainerBackgroundProcessor.processChildren(ContainerBase.java:1176)
		at org.apache.catalina.core.ContainerBase$ContainerBackgroundProcessor.run(ContainerBase.java:1154)
		at java.util.concurrent.Executors$RunnableAdapter.call(Executors.java:511)
		at java.util.concurrent.FutureTask.runAndReset(FutureTask.java:308)
		at java.util.concurrent.ScheduledThreadPoolExecutor$ScheduledFutureTask.access$301(ScheduledThreadPoolExecutor.java:180)
		at java.util.concurrent.ScheduledThreadPoolExecutor$ScheduledFutureTask.run(ScheduledThreadPoolExecutor.java:294)
		at java.util.concurrent.ThreadPoolExecutor.runWorker(ThreadPoolExecutor.java:1149)
		at java.util.concurrent.ThreadPoolExecutor$Worker.run(ThreadPoolExecutor.java:624)
		at org.apache.tomcat.util.threads.TaskThread$WrappingRunnable.run(TaskThread.java:63)
		at java.lang.Thread.run(Thread.java:748)
	Caused by: org.apache.catalina.LifecycleException: Failed to start component [org.apache.catalina.webresources.StandardRoot@3c383b91]
		at org.apache.catalina.util.LifecycleBase.handleSubClassException(LifecycleBase.java:406)
		at org.apache.catalina.util.LifecycleBase.start(LifecycleBase.java:179)
		at org.apache.catalina.core.StandardContext.resourcesStart(StandardContext.java:4172)
		at org.apache.catalina.core.StandardContext.startInternal(StandardContext.java:4294)
		at org.apache.catalina.util.LifecycleBase.start(LifecycleBase.java:164)
		at org.apache.catalina.core.ContainerBase.addChildInternal(ContainerBase.java:599)
		... 25 more
	Caused by: java.lang.IllegalArgumentException: The main resource set specified [D:\github\wed\production-management-system\build\web] is not a directory or war file, or is not readable (it does not exist or permissions to access it are missing)
		at org.apache.catalina.webresources.StandardRoot.createMainResourceSet(StandardRoot.java:758)
		at org.apache.catalina.webresources.StandardRoot.startInternal(StandardRoot.java:715)
		at org.apache.catalina.util.LifecycleBase.start(LifecycleBase.java:164)
		... 29 more
06-Apr-2026 22:42:33.771 INFO [Catalina-utility-2] org.apache.catalina.startup.HostConfig.deployDescriptor Deployment of deployment descriptor [D:\tools\apache-tomcat-9.0.108\conf\Catalina\localhost\production-management-system.xml] has finished in [34] ms
06-Apr-2026 22:46:24.547 INFO [http-nio-8080-exec-37] org.apache.catalina.startup.HostConfig.undeploy Undeploying context [/production-management-system]
06-Apr-2026 22:46:24.566 INFO [http-nio-8080-exec-35] org.apache.catalina.startup.HostConfig.deployDescriptor Deploying deployment descriptor [D:\tools\apache-tomcat-9.0.108\conf\Catalina\localhost\production-management-system.xml]
06-Apr-2026 22:46:24.568 WARNING [http-nio-8080-exec-35] org.apache.catalina.startup.HostConfig.deployDescriptor The path attribute with value [/production-management-system] in deployment descriptor [D:\tools\apache-tomcat-9.0.108\conf\Catalina\localhost\production-management-system.xml] has been ignored
06-Apr-2026 22:46:25.691 INFO [http-nio-8080-exec-35] org.apache.jasper.servlet.TldScanner.scanJars At least one JAR was scanned for TLDs yet contained no TLDs. Enable debug logging for this logger for a complete list of JARs that were scanned but no TLDs were found in them. Skipping unneeded JARs during scanning can improve startup time and JSP compilation time.
06-Apr-2026 22:46:26.671 INFO [http-nio-8080-exec-35] org.apache.catalina.startup.HostConfig.deployDescriptor Deployment of deployment descriptor [D:\tools\apache-tomcat-9.0.108\conf\Catalina\localhost\production-management-system.xml] has finished in [2,105] ms
06-Apr-2026 22:46:26.677 INFO [http-nio-8080-exec-33] org.apache.catalina.util.LifecycleBase.start The start() method was called on component [StandardEngine[Catalina].StandardHost[localhost].StandardContext[/production-management-system]] after start() had already been called. The second call will be ignored.
06-Apr-2026 22:50:27.185 WARNING [http-nio-8080-exec-49] org.apache.catalina.loader.WebappClassLoaderBase.clearReferencesJdbc The web application [production-management-system] registered the JDBC driver [com.microsoft.sqlserver.jdbc.SQLServerDriver] but failed to unregister it when the web application was stopped. To prevent a memory leak, the JDBC Driver has been forcibly unregistered.
06-Apr-2026 22:50:27.689 INFO [http-nio-8080-exec-49] org.apache.catalina.startup.HostConfig.undeploy Undeploying context [/production-management-system]
06-Apr-2026 22:50:27.754 INFO [http-nio-8080-exec-46] org.apache.catalina.startup.HostConfig.deployDescriptor Deploying deployment descriptor [D:\tools\apache-tomcat-9.0.108\conf\Catalina\localhost\production-management-system.xml]
06-Apr-2026 22:50:27.757 WARNING [http-nio-8080-exec-46] org.apache.catalina.startup.HostConfig.deployDescriptor The path attribute with value [/production-management-system] in deployment descriptor [D:\tools\apache-tomcat-9.0.108\conf\Catalina\localhost\production-management-system.xml] has been ignored
06-Apr-2026 22:50:28.731 INFO [http-nio-8080-exec-46] org.apache.jasper.servlet.TldScanner.scanJars At least one JAR was scanned for TLDs yet contained no TLDs. Enable debug logging for this logger for a complete list of JARs that were scanned but no TLDs were found in them. Skipping unneeded JARs during scanning can improve startup time and JSP compilation time.
06-Apr-2026 22:50:29.824 INFO [http-nio-8080-exec-46] org.apache.catalina.startup.HostConfig.deployDescriptor Deployment of deployment descriptor [D:\tools\apache-tomcat-9.0.108\conf\Catalina\localhost\production-management-system.xml] has finished in [2,070] ms
06-Apr-2026 22:50:29.828 INFO [http-nio-8080-exec-43] org.apache.catalina.util.LifecycleBase.start The start() method was called on component [StandardEngine[Catalina].StandardHost[localhost].StandardContext[/production-management-system]] after start() had already been called. The second call will be ignored.
06-Apr-2026 22:56:32.922 WARNING [http-nio-8080-exec-60] org.apache.catalina.loader.WebappClassLoaderBase.clearReferencesJdbc The web application [production-management-system] registered the JDBC driver [com.microsoft.sqlserver.jdbc.SQLServerDriver] but failed to unregister it when the web application was stopped. To prevent a memory leak, the JDBC Driver has been forcibly unregistered.
06-Apr-2026 22:56:32.922 SEVERE [http-nio-8080-exec-60] org.apache.catalina.loader.WebappClassLoaderBase.checkThreadLocalMapForLeaks The web application [production-management-system] created a ThreadLocal with key of type [com.microsoft.sqlserver.jdbc.ActivityCorrelator$1] (value [com.microsoft.sqlserver.jdbc.ActivityCorrelator$1@acecd84]) and a value of type [com.microsoft.sqlserver.jdbc.ActivityId] (value [08c335d6-b1ca-4829-8257-4ac130eddf81-3]) but failed to remove it when the web application was stopped. Threads are going to be renewed over time to try and avoid a probable memory leak.
06-Apr-2026 22:56:33.427 INFO [http-nio-8080-exec-60] org.apache.catalina.startup.HostConfig.undeploy Undeploying context [/production-management-system]
06-Apr-2026 22:56:33.446 INFO [http-nio-8080-exec-55] org.apache.catalina.startup.HostConfig.deployDescriptor Deploying deployment descriptor [D:\tools\apache-tomcat-9.0.108\conf\Catalina\localhost\production-management-system.xml]
06-Apr-2026 22:56:33.448 WARNING [http-nio-8080-exec-55] org.apache.catalina.startup.HostConfig.deployDescriptor The path attribute with value [/production-management-system] in deployment descriptor [D:\tools\apache-tomcat-9.0.108\conf\Catalina\localhost\production-management-system.xml] has been ignored
06-Apr-2026 22:56:34.075 INFO [http-nio-8080-exec-55] org.apache.jasper.servlet.TldScanner.scanJars At least one JAR was scanned for TLDs yet contained no TLDs. Enable debug logging for this logger for a complete list of JARs that were scanned but no TLDs were found in them. Skipping unneeded JARs during scanning can improve startup time and JSP compilation time.
06-Apr-2026 22:56:34.846 INFO [http-nio-8080-exec-55] org.apache.catalina.startup.HostConfig.deployDescriptor Deployment of deployment descriptor [D:\tools\apache-tomcat-9.0.108\conf\Catalina\localhost\production-management-system.xml] has finished in [1,399] ms
06-Apr-2026 22:56:34.849 INFO [http-nio-8080-exec-57] org.apache.catalina.util.LifecycleBase.start The start() method was called on component [StandardEngine[Catalina].StandardHost[localhost].StandardContext[/production-management-system]] after start() had already been called. The second call will be ignored.
