09-Apr-2026 10:00:50.571 INFO [http-nio-8080-exec-10] org.apache.catalina.core.ApplicationContext.log Manager: init: Associated with Deployer 'Catalina:type=Deployer,host=localhost'
09-Apr-2026 10:00:50.572 INFO [http-nio-8080-exec-10] org.apache.catalina.core.ApplicationContext.log Manager: init: Global resources are available
09-Apr-2026 10:00:50.687 INFO [http-nio-8080-exec-9] org.apache.catalina.core.ApplicationContext.log Manager: list: Listing contexts for virtual host 'localhost'
09-Apr-2026 10:00:50.699 INFO [http-nio-8080-exec-6] org.apache.catalina.core.ApplicationContext.log Manager: list: Listing contexts for virtual host 'localhost'
09-Apr-2026 10:00:50.906 INFO [http-nio-8080-exec-1] org.apache.catalina.core.ApplicationContext.log Manager: undeploy: Undeploying web application at '/production-management-system'
09-Apr-2026 10:00:51.500 INFO [http-nio-8080-exec-6] org.apache.catalina.core.ApplicationContext.log Manager: install: Installing context configuration at 'file:/C:/Users/SE1932~1/AppData/Local/Temp/context3586040585264998548.xml'
09-Apr-2026 10:00:53.432 INFO [http-nio-8080-exec-7] org.apache.catalina.core.ApplicationContext.log Manager: start: Starting web application '/production-management-system'
09-Apr-2026 10:21:10.085 INFO [http-nio-8080-exec-11] org.apache.catalina.core.ApplicationContext.log Manager: list: Listing contexts for virtual host 'localhost'
09-Apr-2026 10:21:10.089 INFO [http-nio-8080-exec-14] org.apache.catalina.core.ApplicationContext.log Manager: list: Listing contexts for virtual host 'localhost'
09-Apr-2026 10:21:10.109 INFO [http-nio-8080-exec-18] org.apache.catalina.core.ApplicationContext.log Manager: undeploy: Undeploying web application at '/production-management-system'
09-Apr-2026 10:21:10.716 INFO [http-nio-8080-exec-14] org.apache.catalina.core.ApplicationContext.log Manager: install: Installing context configuration at 'file:/C:/Users/SE1932~1/AppData/Local/Temp/context5677593772770945128.xml'
09-Apr-2026 10:21:12.388 INFO [http-nio-8080-exec-17] org.apache.catalina.core.ApplicationContext.log Manager: start: Starting web application '/production-management-system'
09-Apr-2026 10:21:36.745 INFO [http-nio-8080-exec-20] org.apache.catalina.core.ApplicationContext.log Manager: list: Listing contexts for virtual host 'localhost'
09-Apr-2026 10:21:36.753 INFO [http-nio-8080-exec-26] org.apache.catalina.core.ApplicationContext.log Manager: undeploy: Undeploying web application at '/production-management-system'
09-Apr-2026 10:22:07.693 INFO [http-nio-8080-exec-21] org.apache.catalina.core.ApplicationContext.log Manager: list: Listing contexts for virtual host 'localhost'
09-Apr-2026 10:22:08.982 INFO [http-nio-8080-exec-30] org.apache.catalina.core.ApplicationContext.log Manager: list: Listing contexts for virtual host 'localhost'
09-Apr-2026 10:22:14.524 INFO [http-nio-8080-exec-31] org.apache.catalina.core.ApplicationContext.log Manager: list: Listing contexts for virtual host 'localhost'
09-Apr-2026 10:22:18.749 INFO [http-nio-8080-exec-20] org.apache.catalina.core.ApplicationContext.log Manager: list: Listing contexts for virtual host 'localhost'
09-Apr-2026 10:22:18.754 INFO [http-nio-8080-exec-26] org.apache.catalina.core.ApplicationContext.log Manager: list: Listing contexts for virtual host 'localhost'
09-Apr-2026 10:22:18.770 INFO [http-nio-8080-exec-28] org.apache.catalina.core.ApplicationContext.log Manager: install: Installing context configuration at 'file:/C:/Users/SE1932~1/AppData/Local/Temp/context2860715619711021167.xml'
09-Apr-2026 10:22:20.011 INFO [http-nio-8080-exec-29] org.apache.catalina.core.ApplicationContext.log Manager: start: Starting web application '/production-management-system'
09-Apr-2026 10:26:40.705 INFO [http-nio-8080-exec-35] org.apache.catalina.core.ApplicationContext.log Manager: list: Listing contexts for virtual host 'localhost'
09-Apr-2026 10:26:40.730 INFO [http-nio-8080-exec-32] org.apache.catalina.core.ApplicationContext.log Manager: restart: Reloading web application '/production-management-system'
09-Apr-2026 10:27:11.614 INFO [http-nio-8080-exec-39] org.apache.catalina.core.ApplicationContext.log Manager: list: Listing contexts for virtual host 'localhost'
09-Apr-2026 10:27:11.615 INFO [http-nio-8080-exec-33] org.apache.catalina.core.ApplicationContext.log Manager: list: Listing contexts for virtual host 'localhost'
09-Apr-2026 10:27:11.636 INFO [http-nio-8080-exec-31] org.apache.catalina.core.ApplicationContext.log Manager: undeploy: Undeploying web application at '/production-management-system'
09-Apr-2026 10:27:12.185 INFO [http-nio-8080-exec-29] org.apache.catalina.core.ApplicationContext.log Manager: install: Installing context configuration at 'file:/C:/Users/SE1932~1/AppData/Local/Temp/context6625460991179937918.xml'
09-Apr-2026 10:27:14.273 INFO [http-nio-8080-exec-38] org.apache.catalina.core.ApplicationContext.log Manager: start: Starting web application '/production-management-system'
09-Apr-2026 10:29:51.904 INFO [http-nio-8080-exec-45] org.apache.catalina.core.ApplicationContext.log Manager: list: Listing contexts for virtual host 'localhost'
09-Apr-2026 10:29:51.906 INFO [http-nio-8080-exec-42] org.apache.catalina.core.ApplicationContext.log Manager: list: Listing contexts for virtual host 'localhost'
09-Apr-2026 10:29:51.928 INFO [http-nio-8080-exec-43] org.apache.catalina.core.ApplicationContext.log Manager: undeploy: Undeploying web application at '/production-management-system'
09-Apr-2026 10:29:52.464 INFO [http-nio-8080-exec-45] org.apache.catalina.core.ApplicationContext.log Manager: install: Installing context configuration at 'file:/C:/Users/SE1932~1/AppData/Local/Temp/context4183002301960737010.xml'
09-Apr-2026 10:29:53.488 INFO [http-nio-8080-exec-48] org.apache.catalina.core.ApplicationContext.log Manager: start: Starting web application '/production-management-system'
09-Apr-2026 10:33:59.683 INFO [http-nio-8080-exec-54] org.apache.catalina.core.ApplicationContext.log Manager: list: Listing contexts for virtual host 'localhost'
09-Apr-2026 10:33:59.697 INFO [http-nio-8080-exec-53] org.apache.catalina.core.ApplicationContext.log Manager: restart: Reloading web application '/production-management-system'
09-Apr-2026 10:34:20.536 INFO [http-nio-8080-exec-54] org.apache.catalina.core.ApplicationContext.log Manager: list: Listing contexts for virtual host 'localhost'
09-Apr-2026 10:34:20.558 INFO [http-nio-8080-exec-58] org.apache.catalina.core.ApplicationContext.log Manager: restart: Reloading web application '/production-management-system'
09-Apr-2026 10:34:22.989 INFO [http-nio-8080-exec-55] org.apache.catalina.core.ApplicationContext.log Manager: list: Listing contexts for virtual host 'localhost'
09-Apr-2026 10:34:23.001 INFO [http-nio-8080-exec-56] org.apache.catalina.core.ApplicationContext.log Manager: restart: Reloading web application '/production-management-system'
09-Apr-2026 10:35:00.467 INFO [http-nio-8080-exec-60] org.apache.catalina.core.ApplicationContext.log Manager: list: Listing contexts for virtual host 'localhost'
09-Apr-2026 10:35:38.011 INFO [http-nio-8080-exec-54] org.apache.catalina.core.ApplicationContext.log Manager: list: Listing contexts for virtual host 'localhost'
09-Apr-2026 10:35:58.977 INFO [http-nio-8080-exec-62] org.apache.catalina.core.ApplicationContext.log Manager: list: Listing contexts for virtual host 'localhost'
09-Apr-2026 10:35:58.979 INFO [http-nio-8080-exec-65] org.apache.catalina.core.ApplicationContext.log Manager: list: Listing contexts for virtual host 'localhost'
09-Apr-2026 10:35:58.997 INFO [http-nio-8080-exec-60] org.apache.catalina.core.ApplicationContext.log Manager: undeploy: Undeploying web application at '/production-management-system'
09-Apr-2026 10:35:59.534 INFO [http-nio-8080-exec-50] org.apache.catalina.core.ApplicationContext.log Manager: install: Installing context configuration at 'file:/C:/Users/SE1932~1/AppData/Local/Temp/context2396026023475883666.xml'
09-Apr-2026 10:36:01.019 INFO [http-nio-8080-exec-61] org.apache.catalina.core.ApplicationContext.log Manager: start: Starting web application '/production-management-system'
09-Apr-2026 11:42:43.160 INFO [http-nio-8080-exec-67] org.apache.catalina.core.ApplicationContext.log Manager: list: Listing contexts for virtual host 'localhost'
09-Apr-2026 11:42:43.171 INFO [http-nio-8080-exec-70] org.apache.catalina.core.ApplicationContext.log Manager: restart: Reloading web application '/production-management-system'
09-Apr-2026 11:55:36.344 INFO [http-nio-8080-exec-3] org.apache.catalina.core.ApplicationContext.log Manager: init: Associated with Deployer 'Catalina:type=Deployer,host=localhost'
09-Apr-2026 11:55:36.344 INFO [http-nio-8080-exec-3] org.apache.catalina.core.ApplicationContext.log Manager: init: Global resources are available
09-Apr-2026 11:55:36.379 INFO [http-nio-8080-exec-8] org.apache.catalina.core.ApplicationContext.log Manager: list: Listing contexts for virtual host 'localhost'
09-Apr-2026 11:55:36.383 INFO [http-nio-8080-exec-9] org.apache.catalina.core.ApplicationContext.log Manager: list: Listing contexts for virtual host 'localhost'
09-Apr-2026 11:55:36.446 INFO [http-nio-8080-exec-10] org.apache.catalina.core.ApplicationContext.log Manager: undeploy: Undeploying web application at '/production-management-system'
09-Apr-2026 11:55:36.982 INFO [http-nio-8080-exec-5] org.apache.catalina.core.ApplicationContext.log Manager: install: Installing context configuration at 'file:/C:/Users/SE1932~1/AppData/Local/Temp/context5239493339134494216.xml'
09-Apr-2026 11:55:37.718 INFO [http-nio-8080-exec-7] org.apache.catalina.core.ApplicationContext.log Manager: start: Starting web application '/production-management-system'
09-Apr-2026 11:56:15.915 INFO [http-nio-8080-exec-16] org.apache.catalina.core.ApplicationContext.log Manager: list: Listing contexts for virtual host 'localhost'
09-Apr-2026 11:56:15.920 INFO [http-nio-8080-exec-17] org.apache.catalina.core.ApplicationContext.log Manager: undeploy: Undeploying web application at '/production-management-system'
09-Apr-2026 11:56:21.942 INFO [http-nio-8080-exec-20] org.apache.catalina.core.ApplicationContext.log Manager: list: Listing contexts for virtual host 'localhost'
09-Apr-2026 11:56:21.944 INFO [http-nio-8080-exec-18] org.apache.catalina.core.ApplicationContext.log Manager: list: Listing contexts for virtual host 'localhost'
09-Apr-2026 11:56:21.959 INFO [http-nio-8080-exec-13] org.apache.catalina.core.ApplicationContext.log Manager: install: Installing context configuration at 'file:/C:/Users/SE1932~1/AppData/Local/Temp/context8272544850891469128.xml'
09-Apr-2026 11:56:22.635 INFO [http-nio-8080-exec-17] org.apache.catalina.core.ApplicationContext.log Manager: start: Starting web application '/production-management-system'
09-Apr-2026 12:06:07.809 INFO [http-nio-8080-exec-6] org.apache.catalina.core.ApplicationContext.log Manager: init: Associated with Deployer 'Catalina:type=Deployer,host=localhost'
09-Apr-2026 12:06:07.810 INFO [http-nio-8080-exec-6] org.apache.catalina.core.ApplicationContext.log Manager: init: Global resources are available
09-Apr-2026 12:06:07.929 INFO [http-nio-8080-exec-8] org.apache.catalina.core.ApplicationContext.log Manager: list: Listing contexts for virtual host 'localhost'
09-Apr-2026 12:06:07.940 INFO [http-nio-8080-exec-9] org.apache.catalina.core.ApplicationContext.log Manager: list: Listing contexts for virtual host 'localhost'
09-Apr-2026 12:06:08.031 INFO [http-nio-8080-exec-3] org.apache.catalina.core.ApplicationContext.log Manager: undeploy: Undeploying web application at '/production-management-system'
09-Apr-2026 12:06:08.652 INFO [http-nio-8080-exec-2] org.apache.catalina.core.ApplicationContext.log Manager: install: Installing context configuration at 'file:/C:/Users/SE1932~1/AppData/Local/Temp/context8869232269948494334.xml'
09-Apr-2026 12:06:10.230 INFO [http-nio-8080-exec-4] org.apache.catalina.core.ApplicationContext.log Manager: start: Starting web application '/production-management-system'
09-Apr-2026 12:07:30.985 INFO [http-nio-8080-exec-14] org.apache.catalina.core.ApplicationContext.log Manager: list: Listing contexts for virtual host 'localhost'
09-Apr-2026 12:07:31.003 INFO [http-nio-8080-exec-11] org.apache.catalina.core.ApplicationContext.log Manager: restart: Reloading web application '/production-management-system'
09-Apr-2026 12:08:00.552 INFO [http-nio-8080-exec-17] org.apache.catalina.core.ApplicationContext.log Manager: list: Listing contexts for virtual host 'localhost'
09-Apr-2026 12:08:00.556 INFO [http-nio-8080-exec-12] org.apache.catalina.core.ApplicationContext.log Manager: list: Listing contexts for virtual host 'localhost'
09-Apr-2026 12:08:00.597 INFO [http-nio-8080-exec-21] org.apache.catalina.core.ApplicationContext.log Manager: undeploy: Undeploying web application at '/production-management-system'
09-Apr-2026 12:08:01.137 INFO [http-nio-8080-exec-18] org.apache.catalina.core.ApplicationContext.log Manager: install: Installing context configuration at 'file:/C:/Users/SE1932~1/AppData/Local/Temp/context8835705747913076427.xml'
09-Apr-2026 12:08:02.387 INFO [http-nio-8080-exec-17] org.apache.catalina.core.ApplicationContext.log Manager: start: Starting web application '/production-management-system'
09-Apr-2026 12:11:27.847 INFO [http-nio-8080-exec-32] org.apache.catalina.core.ApplicationContext.log Manager: list: Listing contexts for virtual host 'localhost'
09-Apr-2026 12:11:27.850 INFO [http-nio-8080-exec-28] org.apache.catalina.core.ApplicationContext.log Manager: list: Listing contexts for virtual host 'localhost'
09-Apr-2026 12:11:27.865 INFO [http-nio-8080-exec-25] org.apache.catalina.core.ApplicationContext.log Manager: undeploy: Undeploying web application at '/production-management-system'
09-Apr-2026 12:11:28.399 INFO [http-nio-8080-exec-24] org.apache.catalina.core.ApplicationContext.log Manager: install: Installing context configuration at 'file:/C:/Users/SE1932~1/AppData/Local/Temp/context1009045345608395303.xml'
09-Apr-2026 12:11:28.976 INFO [http-nio-8080-exec-29] org.apache.catalina.core.ApplicationContext.log Manager: start: Starting web application '/production-management-system'
09-Apr-2026 12:14:44.131 INFO [http-nio-8080-exec-35] org.apache.catalina.core.ApplicationContext.log Manager: list: Listing contexts for virtual host 'localhost'
09-Apr-2026 12:14:44.139 INFO [http-nio-8080-exec-40] org.apache.catalina.core.ApplicationContext.log Manager: restart: Reloading web application '/production-management-system'
09-Apr-2026 12:15:06.440 INFO [http-nio-8080-exec-37] org.apache.catalina.core.ApplicationContext.log Manager: list: Listing contexts for virtual host 'localhost'
09-Apr-2026 12:15:06.458 INFO [http-nio-8080-exec-38] org.apache.catalina.core.ApplicationContext.log Manager: restart: Reloading web application '/production-management-system'
09-Apr-2026 12:15:24.119 INFO [http-nio-8080-exec-45] org.apache.catalina.core.ApplicationContext.log Manager: list: Listing contexts for virtual host 'localhost'
09-Apr-2026 12:15:24.124 INFO [http-nio-8080-exec-44] org.apache.catalina.core.ApplicationContext.log Manager: restart: Reloading web application '/production-management-system'
09-Apr-2026 12:15:50.685 INFO [http-nio-8080-exec-41] org.apache.catalina.core.ApplicationContext.log Manager: list: Listing contexts for virtual host 'localhost'
09-Apr-2026 12:15:50.688 INFO [http-nio-8080-exec-45] org.apache.catalina.core.ApplicationContext.log Manager: list: Listing contexts for virtual host 'localhost'
09-Apr-2026 12:15:50.705 INFO [http-nio-8080-exec-44] org.apache.catalina.core.ApplicationContext.log Manager: undeploy: Undeploying web application at '/production-management-system'
09-Apr-2026 12:15:51.227 INFO [http-nio-8080-exec-41] org.apache.catalina.core.ApplicationContext.log Manager: install: Installing context configuration at 'file:/C:/Users/SE1932~1/AppData/Local/Temp/context7660459317420145043.xml'
09-Apr-2026 12:15:51.848 INFO [http-nio-8080-exec-43] org.apache.catalina.core.ApplicationContext.log Manager: start: Starting web application '/production-management-system'
09-Apr-2026 12:18:48.298 INFO [http-nio-8080-exec-47] org.apache.catalina.core.ApplicationContext.log Manager: list: Listing contexts for virtual host 'localhost'
09-Apr-2026 12:19:52.186 INFO [http-nio-8080-exec-5] org.apache.catalina.core.ApplicationContext.log Manager: init: Associated with Deployer 'Catalina:type=Deployer,host=localhost'
09-Apr-2026 12:19:52.186 INFO [http-nio-8080-exec-5] org.apache.catalina.core.ApplicationContext.log Manager: init: Global resources are available
09-Apr-2026 12:19:52.215 INFO [http-nio-8080-exec-8] org.apache.catalina.core.ApplicationContext.log Manager: list: Listing contexts for virtual host 'localhost'
09-Apr-2026 12:19:52.218 INFO [http-nio-8080-exec-2] org.apache.catalina.core.ApplicationContext.log Manager: list: Listing contexts for virtual host 'localhost'
09-Apr-2026 12:19:52.239 INFO [http-nio-8080-exec-10] org.apache.catalina.core.ApplicationContext.log Manager: undeploy: Undeploying web application at '/production-management-system'
09-Apr-2026 12:19:52.781 INFO [http-nio-8080-exec-2] org.apache.catalina.core.ApplicationContext.log Manager: install: Installing context configuration at 'file:/C:/Users/SE1932~1/AppData/Local/Temp/context8041278614165813222.xml'
09-Apr-2026 12:19:53.473 INFO [http-nio-8080-exec-6] org.apache.catalina.core.ApplicationContext.log Manager: start: Starting web application '/production-management-system'
09-Apr-2026 12:24:05.270 INFO [http-nio-8080-exec-12] org.apache.catalina.core.ApplicationContext.log Manager: list: Listing contexts for virtual host 'localhost'
09-Apr-2026 12:24:30.955 INFO [http-nio-8080-exec-11] org.apache.catalina.core.ApplicationContext.log Manager: list: Listing contexts for virtual host 'localhost'
09-Apr-2026 12:24:30.959 INFO [http-nio-8080-exec-17] org.apache.catalina.core.ApplicationContext.log Manager: list: Listing contexts for virtual host 'localhost'
09-Apr-2026 12:24:30.974 INFO [http-nio-8080-exec-18] org.apache.catalina.core.ApplicationContext.log Manager: undeploy: Undeploying web application at '/production-management-system'
09-Apr-2026 12:24:31.637 INFO [http-nio-8080-exec-12] org.apache.catalina.core.ApplicationContext.log Manager: install: Installing context configuration at 'file:/C:/Users/SE1932~1/AppData/Local/Temp/context7407004893279113802.xml'
09-Apr-2026 12:24:32.374 INFO [http-nio-8080-exec-11] org.apache.catalina.core.ApplicationContext.log Manager: start: Starting web application '/production-management-system'
09-Apr-2026 12:27:55.260 INFO [http-nio-8080-exec-23] org.apache.catalina.core.ApplicationContext.log Manager: list: Listing contexts for virtual host 'localhost'
09-Apr-2026 12:28:32.103 INFO [http-nio-8080-exec-22] org.apache.catalina.core.ApplicationContext.log Manager: list: Listing contexts for virtual host 'localhost'
09-Apr-2026 12:28:32.105 INFO [http-nio-8080-exec-28] org.apache.catalina.core.ApplicationContext.log Manager: list: Listing contexts for virtual host 'localhost'
09-Apr-2026 12:28:32.126 INFO [http-nio-8080-exec-21] org.apache.catalina.core.ApplicationContext.log Manager: undeploy: Undeploying web application at '/production-management-system'
09-Apr-2026 12:28:32.658 INFO [http-nio-8080-exec-22] org.apache.catalina.core.ApplicationContext.log Manager: install: Installing context configuration at 'file:/C:/Users/SE1932~1/AppData/Local/Temp/context3969787501110159000.xml'
09-Apr-2026 12:28:33.225 INFO [http-nio-8080-exec-28] org.apache.catalina.core.ApplicationContext.log Manager: start: Starting web application '/production-management-system'
09-Apr-2026 12:29:26.733 INFO [http-nio-8080-exec-36] org.apache.catalina.core.ApplicationContext.log Manager: list: Listing contexts for virtual host 'localhost'
09-Apr-2026 12:29:26.735 INFO [http-nio-8080-exec-40] org.apache.catalina.core.ApplicationContext.log Manager: list: Listing contexts for virtual host 'localhost'
09-Apr-2026 12:29:26.750 INFO [http-nio-8080-exec-35] org.apache.catalina.core.ApplicationContext.log Manager: undeploy: Undeploying web application at '/production-management-system'
09-Apr-2026 12:29:27.276 INFO [http-nio-8080-exec-38] org.apache.catalina.core.ApplicationContext.log Manager: install: Installing context configuration at 'file:/C:/Users/SE1932~1/AppData/Local/Temp/context5545885360161225836.xml'
09-Apr-2026 12:29:27.872 INFO [http-nio-8080-exec-37] org.apache.catalina.core.ApplicationContext.log Manager: start: Starting web application '/production-management-system'
09-Apr-2026 12:29:40.467 INFO [http-nio-8080-exec-36] org.apache.catalina.core.ApplicationContext.log Manager: list: Listing contexts for virtual host 'localhost'
09-Apr-2026 12:29:40.469 INFO [http-nio-8080-exec-32] org.apache.catalina.core.ApplicationContext.log Manager: list: Listing contexts for virtual host 'localhost'
09-Apr-2026 12:29:40.482 INFO [http-nio-8080-exec-42] org.apache.catalina.core.ApplicationContext.log Manager: undeploy: Undeploying web application at '/production-management-system'
09-Apr-2026 12:29:41.029 INFO [http-nio-8080-exec-44] org.apache.catalina.core.ApplicationContext.log Manager: install: Installing context configuration at 'file:/C:/Users/SE1932~1/AppData/Local/Temp/context3472646231604011983.xml'
09-Apr-2026 12:29:41.617 INFO [http-nio-8080-exec-32] org.apache.catalina.core.ApplicationContext.log Manager: start: Starting web application '/production-management-system'
09-Apr-2026 12:32:28.176 INFO [http-nio-8080-exec-51] org.apache.catalina.core.ApplicationContext.log Manager: list: Listing contexts for virtual host 'localhost'
09-Apr-2026 12:32:56.504 INFO [http-nio-8080-exec-54] org.apache.catalina.core.ApplicationContext.log Manager: list: Listing contexts for virtual host 'localhost'
09-Apr-2026 12:32:56.506 INFO [http-nio-8080-exec-49] org.apache.catalina.core.ApplicationContext.log Manager: list: Listing contexts for virtual host 'localhost'
09-Apr-2026 12:32:56.523 INFO [http-nio-8080-exec-53] org.apache.catalina.core.ApplicationContext.log Manager: undeploy: Undeploying web application at '/production-management-system'
09-Apr-2026 12:32:57.058 INFO [http-nio-8080-exec-45] org.apache.catalina.core.ApplicationContext.log Manager: install: Installing context configuration at 'file:/C:/Users/SE1932~1/AppData/Local/Temp/context8144022611184437956.xml'
09-Apr-2026 12:32:57.604 INFO [http-nio-8080-exec-47] org.apache.catalina.core.ApplicationContext.log Manager: start: Starting web application '/production-management-system'
09-Apr-2026 12:34:51.331 INFO [http-nio-8080-exec-58] org.apache.catalina.core.ApplicationContext.log Manager: list: Listing contexts for virtual host 'localhost'
09-Apr-2026 12:34:51.339 INFO [http-nio-8080-exec-56] org.apache.catalina.core.ApplicationContext.log Manager: restart: Reloading web application '/production-management-system'
09-Apr-2026 12:36:02.292 INFO [http-nio-8080-exec-57] org.apache.catalina.core.ApplicationContext.log Manager: list: Listing contexts for virtual host 'localhost'
09-Apr-2026 12:36:36.944 INFO [http-nio-8080-exec-62] org.apache.catalina.core.ApplicationContext.log Manager: list: Listing contexts for virtual host 'localhost'
09-Apr-2026 12:37:06.819 INFO [http-nio-8080-exec-67] org.apache.catalina.core.ApplicationContext.log Manager: list: Listing contexts for virtual host 'localhost'
09-Apr-2026 12:37:06.824 INFO [http-nio-8080-exec-55] org.apache.catalina.core.ApplicationContext.log Manager: list: Listing contexts for virtual host 'localhost'
09-Apr-2026 12:37:06.838 INFO [http-nio-8080-exec-61] org.apache.catalina.core.ApplicationContext.log Manager: undeploy: Undeploying web application at '/production-management-system'
09-Apr-2026 12:37:07.369 INFO [http-nio-8080-exec-57] org.apache.catalina.core.ApplicationContext.log Manager: install: Installing context configuration at 'file:/C:/Users/SE1932~1/AppData/Local/Temp/context6804747410615628538.xml'
09-Apr-2026 12:37:07.929 INFO [http-nio-8080-exec-55] org.apache.catalina.core.ApplicationContext.log Manager: start: Starting web application '/production-management-system'
09-Apr-2026 12:39:17.972 INFO [http-nio-8080-exec-69] org.apache.catalina.core.ApplicationContext.log Manager: list: Listing contexts for virtual host 'localhost'
09-Apr-2026 12:40:58.889 INFO [http-nio-8080-exec-76] org.apache.catalina.core.ApplicationContext.log Manager: list: Listing contexts for virtual host 'localhost'
09-Apr-2026 12:40:58.891 INFO [http-nio-8080-exec-78] org.apache.catalina.core.ApplicationContext.log Manager: list: Listing contexts for virtual host 'localhost'
09-Apr-2026 12:40:58.906 INFO [http-nio-8080-exec-74] org.apache.catalina.core.ApplicationContext.log Manager: undeploy: Undeploying web application at '/production-management-system'
09-Apr-2026 12:40:59.437 INFO [http-nio-8080-exec-75] org.apache.catalina.core.ApplicationContext.log Manager: install: Installing context configuration at 'file:/C:/Users/SE1932~1/AppData/Local/Temp/context1449974895051925878.xml'
09-Apr-2026 12:41:00.027 INFO [http-nio-8080-exec-71] org.apache.catalina.core.ApplicationContext.log Manager: start: Starting web application '/production-management-system'
09-Apr-2026 12:42:04.139 INFO [http-nio-8080-exec-79] org.apache.catalina.core.ApplicationContext.log Manager: list: Listing contexts for virtual host 'localhost'
09-Apr-2026 12:42:51.282 INFO [http-nio-8080-exec-87] org.apache.catalina.core.ApplicationContext.log Manager: list: Listing contexts for virtual host 'localhost'
09-Apr-2026 12:42:51.284 INFO [http-nio-8080-exec-81] org.apache.catalina.core.ApplicationContext.log Manager: list: Listing contexts for virtual host 'localhost'
09-Apr-2026 12:42:51.300 INFO [http-nio-8080-exec-84] org.apache.catalina.core.ApplicationContext.log Manager: undeploy: Undeploying web application at '/production-management-system'
09-Apr-2026 12:42:51.826 INFO [http-nio-8080-exec-82] org.apache.catalina.core.ApplicationContext.log Manager: install: Installing context configuration at 'file:/C:/Users/SE1932~1/AppData/Local/Temp/context4913350779982599669.xml'
09-Apr-2026 12:42:52.408 INFO [http-nio-8080-exec-85] org.apache.catalina.core.ApplicationContext.log Manager: start: Starting web application '/production-management-system'
09-Apr-2026 12:47:02.997 INFO [http-nio-8080-exec-91] org.apache.catalina.core.ApplicationContext.log Manager: list: Listing contexts for virtual host 'localhost'
09-Apr-2026 12:47:30.128 INFO [http-nio-8080-exec-95] org.apache.catalina.core.ApplicationContext.log Manager: list: Listing contexts for virtual host 'localhost'
09-Apr-2026 12:47:30.130 INFO [http-nio-8080-exec-98] org.apache.catalina.core.ApplicationContext.log Manager: list: Listing contexts for virtual host 'localhost'
09-Apr-2026 12:47:30.146 INFO [http-nio-8080-exec-93] org.apache.catalina.core.ApplicationContext.log Manager: undeploy: Undeploying web application at '/production-management-system'
09-Apr-2026 12:47:30.675 INFO [http-nio-8080-exec-96] org.apache.catalina.core.ApplicationContext.log Manager: install: Installing context configuration at 'file:/C:/Users/SE1932~1/AppData/Local/Temp/context5374930930774458240.xml'
09-Apr-2026 12:47:31.251 INFO [http-nio-8080-exec-95] org.apache.catalina.core.ApplicationContext.log Manager: start: Starting web application '/production-management-system'
09-Apr-2026 12:48:40.596 INFO [http-nio-8080-exec-99] org.apache.catalina.core.ApplicationContext.log Manager: list: Listing contexts for virtual host 'localhost'
09-Apr-2026 12:49:06.944 INFO [http-nio-8080-exec-89] org.apache.catalina.core.ApplicationContext.log Manager: list: Listing contexts for virtual host 'localhost'
09-Apr-2026 12:49:06.947 INFO [http-nio-8080-exec-102] org.apache.catalina.core.ApplicationContext.log Manager: list: Listing contexts for virtual host 'localhost'
09-Apr-2026 12:49:06.959 INFO [http-nio-8080-exec-103] org.apache.catalina.core.ApplicationContext.log Manager: undeploy: Undeploying web application at '/production-management-system'
09-Apr-2026 12:49:07.480 INFO [http-nio-8080-exec-99] org.apache.catalina.core.ApplicationContext.log Manager: install: Installing context configuration at 'file:/C:/Users/SE1932~1/AppData/Local/Temp/context7498718859900925896.xml'
09-Apr-2026 12:49:08.018 INFO [http-nio-8080-exec-105] org.apache.catalina.core.ApplicationContext.log Manager: start: Starting web application '/production-management-system'
09-Apr-2026 13:24:02.771 INFO [http-nio-8080-exec-107] org.apache.catalina.core.ApplicationContext.log Manager: list: Listing contexts for virtual host 'localhost'
09-Apr-2026 13:24:02.772 INFO [http-nio-8080-exec-111] org.apache.catalina.core.ApplicationContext.log Manager: list: Listing contexts for virtual host 'localhost'
09-Apr-2026 13:24:02.788 INFO [http-nio-8080-exec-115] org.apache.catalina.core.ApplicationContext.log Manager: undeploy: Undeploying web application at '/production-management-system'
09-Apr-2026 13:24:03.450 INFO [http-nio-8080-exec-114] org.apache.catalina.core.ApplicationContext.log Manager: install: Installing context configuration at 'file:/C:/Users/SE1932~1/AppData/Local/Temp/context1495575930817584729.xml'
09-Apr-2026 13:24:04.057 INFO [http-nio-8080-exec-109] org.apache.catalina.core.ApplicationContext.log Manager: start: Starting web application '/production-management-system'
09-Apr-2026 13:26:43.440 INFO [http-nio-8080-exec-118] org.apache.catalina.core.ApplicationContext.log Manager: list: Listing contexts for virtual host 'localhost'
09-Apr-2026 13:26:43.448 INFO [http-nio-8080-exec-123] org.apache.catalina.core.ApplicationContext.log Manager: restart: Reloading web application '/production-management-system'
09-Apr-2026 13:27:24.027 INFO [http-nio-8080-exec-122] org.apache.catalina.core.ApplicationContext.log Manager: list: Listing contexts for virtual host 'localhost'
09-Apr-2026 13:27:24.034 INFO [http-nio-8080-exec-121] org.apache.catalina.core.ApplicationContext.log Manager: restart: Reloading web application '/production-management-system'
09-Apr-2026 13:28:08.900 INFO [http-nio-8080-exec-117] org.apache.catalina.core.ApplicationContext.log Manager: list: Listing contexts for virtual host 'localhost'
09-Apr-2026 13:28:42.914 INFO [http-nio-8080-exec-120] org.apache.catalina.core.ApplicationContext.log Manager: list: Listing contexts for virtual host 'localhost'
09-Apr-2026 13:32:15.699 INFO [http-nio-8080-exec-133] org.apache.catalina.core.ApplicationContext.log Manager: list: Listing contexts for virtual host 'localhost'
09-Apr-2026 13:32:15.702 INFO [http-nio-8080-exec-131] org.apache.catalina.core.ApplicationContext.log Manager: list: Listing contexts for virtual host 'localhost'
09-Apr-2026 13:32:15.716 INFO [http-nio-8080-exec-117] org.apache.catalina.core.ApplicationContext.log Manager: undeploy: Undeploying web application at '/production-management-system'
09-Apr-2026 13:32:16.237 INFO [http-nio-8080-exec-130] org.apache.catalina.core.ApplicationContext.log Manager: install: Installing context configuration at 'file:/C:/Users/SE1932~1/AppData/Local/Temp/context7536038930166750695.xml'
09-Apr-2026 13:32:16.811 INFO [http-nio-8080-exec-134] org.apache.catalina.core.ApplicationContext.log Manager: start: Starting web application '/production-management-system'
09-Apr-2026 13:40:44.353 INFO [http-nio-8080-exec-144] org.apache.catalina.core.ApplicationContext.log Manager: list: Listing contexts for virtual host 'localhost'
09-Apr-2026 13:41:10.778 INFO [http-nio-8080-exec-137] org.apache.catalina.core.ApplicationContext.log Manager: list: Listing contexts for virtual host 'localhost'
09-Apr-2026 13:41:10.785 INFO [http-nio-8080-exec-138] org.apache.catalina.core.ApplicationContext.log Manager: restart: Reloading web application '/production-management-system'
09-Apr-2026 13:42:00.388 INFO [http-nio-8080-exec-136] org.apache.catalina.core.ApplicationContext.log Manager: list: Listing contexts for virtual host 'localhost'
09-Apr-2026 13:44:44.735 INFO [http-nio-8080-exec-139] org.apache.catalina.core.ApplicationContext.log Manager: list: Listing contexts for virtual host 'localhost'
09-Apr-2026 13:44:44.738 INFO [http-nio-8080-exec-149] org.apache.catalina.core.ApplicationContext.log Manager: list: Listing contexts for virtual host 'localhost'
09-Apr-2026 13:44:44.754 INFO [http-nio-8080-exec-143] org.apache.catalina.core.ApplicationContext.log Manager: undeploy: Undeploying web application at '/production-management-system'
09-Apr-2026 13:44:45.276 INFO [http-nio-8080-exec-149] org.apache.catalina.core.ApplicationContext.log Manager: install: Installing context configuration at 'file:/C:/Users/SE1932~1/AppData/Local/Temp/context1408361514369147208.xml'
09-Apr-2026 13:44:45.886 INFO [http-nio-8080-exec-142] org.apache.catalina.core.ApplicationContext.log Manager: start: Starting web application '/production-management-system'
09-Apr-2026 13:48:08.939 INFO [http-nio-8080-exec-152] org.apache.catalina.core.ApplicationContext.log Manager: list: Listing contexts for virtual host 'localhost'
09-Apr-2026 13:51:29.104 INFO [http-nio-8080-exec-159] org.apache.catalina.core.ApplicationContext.log Manager: list: Listing contexts for virtual host 'localhost'
09-Apr-2026 13:51:29.106 INFO [http-nio-8080-exec-158] org.apache.catalina.core.ApplicationContext.log Manager: list: Listing contexts for virtual host 'localhost'
09-Apr-2026 13:51:29.120 INFO [http-nio-8080-exec-157] org.apache.catalina.core.ApplicationContext.log Manager: undeploy: Undeploying web application at '/production-management-system'
09-Apr-2026 13:51:29.915 INFO [http-nio-8080-exec-153] org.apache.catalina.core.ApplicationContext.log Manager: install: Installing context configuration at 'file:/C:/Users/SE1932~1/AppData/Local/Temp/context1836288209619311645.xml'
09-Apr-2026 13:51:30.461 INFO [http-nio-8080-exec-150] org.apache.catalina.core.ApplicationContext.log Manager: start: Starting web application '/production-management-system'
09-Apr-2026 13:55:29.178 INFO [http-nio-8080-exec-169] org.apache.catalina.core.ApplicationContext.log Manager: list: Listing contexts for virtual host 'localhost'
09-Apr-2026 13:55:58.749 INFO [http-nio-8080-exec-168] org.apache.catalina.core.ApplicationContext.log Manager: list: Listing contexts for virtual host 'localhost'
09-Apr-2026 13:55:58.755 INFO [http-nio-8080-exec-160] org.apache.catalina.core.ApplicationContext.log Manager: restart: Reloading web application '/production-management-system'
09-Apr-2026 13:56:02.082 INFO [http-nio-8080-exec-167] org.apache.catalina.core.ApplicationContext.log Manager: list: Listing contexts for virtual host 'localhost'
09-Apr-2026 13:56:02.088 INFO [http-nio-8080-exec-166] org.apache.catalina.core.ApplicationContext.log Manager: restart: Reloading web application '/production-management-system'
09-Apr-2026 13:56:08.386 INFO [http-nio-8080-exec-163] org.apache.catalina.core.ApplicationContext.log Manager: list: Listing contexts for virtual host 'localhost'
09-Apr-2026 13:56:08.393 INFO [http-nio-8080-exec-165] org.apache.catalina.core.ApplicationContext.log Manager: restart: Reloading web application '/production-management-system'
09-Apr-2026 13:56:09.778 INFO [http-nio-8080-exec-160] org.apache.catalina.core.ApplicationContext.log Manager: list: Listing contexts for virtual host 'localhost'
09-Apr-2026 13:56:09.788 INFO [http-nio-8080-exec-164] org.apache.catalina.core.ApplicationContext.log Manager: restart: Reloading web application '/production-management-system'
09-Apr-2026 13:56:52.328 INFO [http-nio-8080-exec-174] org.apache.catalina.core.ApplicationContext.log Manager: list: Listing contexts for virtual host 'localhost'
09-Apr-2026 13:58:11.983 INFO [http-nio-8080-exec-177] org.apache.catalina.core.ApplicationContext.log Manager: list: Listing contexts for virtual host 'localhost'
09-Apr-2026 13:59:34.060 INFO [http-nio-8080-exec-163] org.apache.catalina.core.ApplicationContext.log Manager: list: Listing contexts for virtual host 'localhost'
09-Apr-2026 13:59:34.063 INFO [http-nio-8080-exec-179] org.apache.catalina.core.ApplicationContext.log Manager: list: Listing contexts for virtual host 'localhost'
09-Apr-2026 13:59:34.077 INFO [http-nio-8080-exec-167] org.apache.catalina.core.ApplicationContext.log Manager: undeploy: Undeploying web application at '/production-management-system'
09-Apr-2026 13:59:34.599 INFO [http-nio-8080-exec-163] org.apache.catalina.core.ApplicationContext.log Manager: install: Installing context configuration at 'file:/C:/Users/SE1932~1/AppData/Local/Temp/context4654804972468369514.xml'
09-Apr-2026 13:59:35.172 INFO [http-nio-8080-exec-173] org.apache.catalina.core.ApplicationContext.log Manager: start: Starting web application '/production-management-system'
09-Apr-2026 14:04:16.168 INFO [http-nio-8080-exec-186] org.apache.catalina.core.ApplicationContext.log Manager: list: Listing contexts for virtual host 'localhost'
09-Apr-2026 14:04:16.175 INFO [http-nio-8080-exec-190] org.apache.catalina.core.ApplicationContext.log Manager: restart: Reloading web application '/production-management-system'
09-Apr-2026 14:04:27.528 INFO [http-nio-8080-exec-182] org.apache.catalina.core.ApplicationContext.log Manager: list: Listing contexts for virtual host 'localhost'
09-Apr-2026 14:04:27.533 INFO [http-nio-8080-exec-188] org.apache.catalina.core.ApplicationContext.log Manager: restart: Reloading web application '/production-management-system'
09-Apr-2026 14:04:41.305 INFO [http-nio-8080-exec-195] org.apache.catalina.core.ApplicationContext.log Manager: list: Listing contexts for virtual host 'localhost'
09-Apr-2026 14:04:41.306 INFO [http-nio-8080-exec-187] org.apache.catalina.core.ApplicationContext.log Manager: list: Listing contexts for virtual host 'localhost'
09-Apr-2026 14:04:41.318 INFO [http-nio-8080-exec-191] org.apache.catalina.core.ApplicationContext.log Manager: undeploy: Undeploying web application at '/production-management-system'
09-Apr-2026 14:04:41.842 INFO [http-nio-8080-exec-186] org.apache.catalina.core.ApplicationContext.log Manager: install: Installing context configuration at 'file:/C:/Users/SE1932~1/AppData/Local/Temp/context7072344628307211602.xml'
09-Apr-2026 14:04:42.529 INFO [http-nio-8080-exec-187] org.apache.catalina.core.ApplicationContext.log Manager: start: Starting web application '/production-management-system'
09-Apr-2026 14:15:40.741 INFO [http-nio-8080-exec-197] org.apache.catalina.core.ApplicationContext.log Manager: list: Listing contexts for virtual host 'localhost'
09-Apr-2026 14:15:40.744 INFO [http-nio-8080-exec-200] org.apache.catalina.core.ApplicationContext.log Manager: list: Listing contexts for virtual host 'localhost'
09-Apr-2026 14:15:40.755 INFO [http-nio-8080-exec-203] org.apache.catalina.core.ApplicationContext.log Manager: undeploy: Undeploying web application at '/production-management-system'
09-Apr-2026 14:15:41.493 INFO [http-nio-8080-exec-204] org.apache.catalina.core.ApplicationContext.log Manager: install: Installing context configuration at 'file:/C:/Users/SE1932~1/AppData/Local/Temp/context4967599139513464693.xml'
09-Apr-2026 14:15:42.216 INFO [http-nio-8080-exec-200] org.apache.catalina.core.ApplicationContext.log Manager: start: Starting web application '/production-management-system'
09-Apr-2026 14:20:35.203 INFO [http-nio-8080-exec-210] org.apache.catalina.core.ApplicationContext.log Manager: list: Listing contexts for virtual host 'localhost'
09-Apr-2026 14:21:31.952 INFO [http-nio-8080-exec-214] org.apache.catalina.core.ApplicationContext.log Manager: list: Listing contexts for virtual host 'localhost'
09-Apr-2026 14:22:59.663 INFO [http-nio-8080-exec-207] org.apache.catalina.core.ApplicationContext.log Manager: list: Listing contexts for virtual host 'localhost'
09-Apr-2026 14:22:59.666 INFO [http-nio-8080-exec-213] org.apache.catalina.core.ApplicationContext.log Manager: list: Listing contexts for virtual host 'localhost'
09-Apr-2026 14:22:59.677 INFO [http-nio-8080-exec-210] org.apache.catalina.core.ApplicationContext.log Manager: undeploy: Undeploying web application at '/production-management-system'
09-Apr-2026 14:23:00.465 INFO [http-nio-8080-exec-212] org.apache.catalina.core.ApplicationContext.log Manager: install: Installing context configuration at 'file:/C:/Users/SE1932~1/AppData/Local/Temp/context4123960855064014723.xml'
09-Apr-2026 14:23:01.055 INFO [http-nio-8080-exec-211] org.apache.catalina.core.ApplicationContext.log Manager: start: Starting web application '/production-management-system'
09-Apr-2026 14:26:38.300 INFO [http-nio-8080-exec-217] org.apache.catalina.core.ApplicationContext.log Manager: list: Listing contexts for virtual host 'localhost'
09-Apr-2026 14:26:38.306 INFO [http-nio-8080-exec-224] org.apache.catalina.core.ApplicationContext.log Manager: restart: Reloading web application '/production-management-system'
09-Apr-2026 14:26:39.467 INFO [http-nio-8080-exec-223] org.apache.catalina.core.ApplicationContext.log Manager: list: Listing contexts for virtual host 'localhost'
09-Apr-2026 14:26:39.474 INFO [http-nio-8080-exec-216] org.apache.catalina.core.ApplicationContext.log Manager: restart: Reloading web application '/production-management-system'
09-Apr-2026 14:26:51.696 INFO [http-nio-8080-exec-221] org.apache.catalina.core.ApplicationContext.log Manager: list: Listing contexts for virtual host 'localhost'
09-Apr-2026 14:26:51.703 INFO [http-nio-8080-exec-218] org.apache.catalina.core.ApplicationContext.log Manager: restart: Reloading web application '/production-management-system'
09-Apr-2026 14:27:03.520 INFO [http-nio-8080-exec-221] org.apache.catalina.core.ApplicationContext.log Manager: list: Listing contexts for virtual host 'localhost'
09-Apr-2026 14:27:03.528 INFO [http-nio-8080-exec-216] org.apache.catalina.core.ApplicationContext.log Manager: restart: Reloading web application '/production-management-system'
09-Apr-2026 14:28:11.555 INFO [http-nio-8080-exec-230] org.apache.catalina.core.ApplicationContext.log Manager: list: Listing contexts for virtual host 'localhost'
09-Apr-2026 14:28:11.556 INFO [http-nio-8080-exec-229] org.apache.catalina.core.ApplicationContext.log Manager: list: Listing contexts for virtual host 'localhost'
09-Apr-2026 14:28:11.568 INFO [http-nio-8080-exec-222] org.apache.catalina.core.ApplicationContext.log Manager: undeploy: Undeploying web application at '/production-management-system'
09-Apr-2026 14:28:12.093 INFO [http-nio-8080-exec-229] org.apache.catalina.core.ApplicationContext.log Manager: install: Installing context configuration at 'file:/C:/Users/SE1932~1/AppData/Local/Temp/context2356510805645788084.xml'
09-Apr-2026 14:28:12.692 INFO [http-nio-8080-exec-225] org.apache.catalina.core.ApplicationContext.log Manager: start: Starting web application '/production-management-system'
09-Apr-2026 14:33:23.184 INFO [http-nio-8080-exec-235] org.apache.catalina.core.ApplicationContext.log Manager: list: Listing contexts for virtual host 'localhost'
09-Apr-2026 14:34:31.838 INFO [http-nio-8080-exec-232] org.apache.catalina.core.ApplicationContext.log Manager: list: Listing contexts for virtual host 'localhost'
09-Apr-2026 14:34:31.845 INFO [http-nio-8080-exec-233] org.apache.catalina.core.ApplicationContext.log Manager: restart: Reloading web application '/production-management-system'
09-Apr-2026 14:34:42.665 INFO [http-nio-8080-exec-235] org.apache.catalina.core.ApplicationContext.log Manager: list: Listing contexts for virtual host 'localhost'
09-Apr-2026 14:34:54.019 INFO [http-nio-8080-exec-231] org.apache.catalina.core.ApplicationContext.log Manager: list: Listing contexts for virtual host 'localhost'
09-Apr-2026 14:35:44.509 INFO [http-nio-8080-exec-237] org.apache.catalina.core.ApplicationContext.log Manager: list: Listing contexts for virtual host 'localhost'
09-Apr-2026 14:35:44.516 INFO [http-nio-8080-exec-243] org.apache.catalina.core.ApplicationContext.log Manager: restart: Reloading web application '/production-management-system'
09-Apr-2026 14:36:42.804 INFO [http-nio-8080-exec-245] org.apache.catalina.core.ApplicationContext.log Manager: list: Listing contexts for virtual host 'localhost'
09-Apr-2026 14:36:42.805 INFO [http-nio-8080-exec-241] org.apache.catalina.core.ApplicationContext.log Manager: list: Listing contexts for virtual host 'localhost'
09-Apr-2026 14:36:42.821 INFO [http-nio-8080-exec-231] org.apache.catalina.core.ApplicationContext.log Manager: undeploy: Undeploying web application at '/production-management-system'
09-Apr-2026 14:36:43.343 INFO [http-nio-8080-exec-244] org.apache.catalina.core.ApplicationContext.log Manager: install: Installing context configuration at 'file:/C:/Users/SE1932~1/AppData/Local/Temp/context3783839714468474934.xml'
09-Apr-2026 14:36:43.921 INFO [http-nio-8080-exec-237] org.apache.catalina.core.ApplicationContext.log Manager: start: Starting web application '/production-management-system'
09-Apr-2026 14:42:18.445 INFO [http-nio-8080-exec-246] org.apache.catalina.core.ApplicationContext.log Manager: list: Listing contexts for virtual host 'localhost'
09-Apr-2026 14:48:35.003 INFO [http-nio-8080-exec-246] org.apache.catalina.core.ApplicationContext.log Manager: list: Listing contexts for virtual host 'localhost'
09-Apr-2026 14:49:18.165 INFO [http-nio-8080-exec-253] org.apache.catalina.core.ApplicationContext.log Manager: list: Listing contexts for virtual host 'localhost'
09-Apr-2026 14:49:18.170 INFO [http-nio-8080-exec-246] org.apache.catalina.core.ApplicationContext.log Manager: restart: Reloading web application '/production-management-system'
09-Apr-2026 14:51:14.018 INFO [http-nio-8080-exec-253] org.apache.catalina.core.ApplicationContext.log Manager: list: Listing contexts for virtual host 'localhost'
09-Apr-2026 14:51:14.047 INFO [http-nio-8080-exec-257] org.apache.catalina.core.ApplicationContext.log Manager: list: Listing contexts for virtual host 'localhost'
09-Apr-2026 14:51:14.377 INFO [http-nio-8080-exec-248] org.apache.catalina.core.ApplicationContext.log Manager: list: Listing contexts for virtual host 'localhost'
09-Apr-2026 14:51:49.631 INFO [http-nio-8080-exec-250] org.apache.catalina.core.ApplicationContext.log Manager: list: Listing contexts for virtual host 'localhost'
09-Apr-2026 14:51:49.634 INFO [http-nio-8080-exec-249] org.apache.catalina.core.ApplicationContext.log Manager: list: Listing contexts for virtual host 'localhost'
09-Apr-2026 14:51:49.645 INFO [http-nio-8080-exec-258] org.apache.catalina.core.ApplicationContext.log Manager: undeploy: Undeploying web application at '/production-management-system'
09-Apr-2026 14:51:50.175 INFO [http-nio-8080-exec-252] org.apache.catalina.core.ApplicationContext.log Manager: install: Installing context configuration at 'file:/C:/Users/SE1932~1/AppData/Local/Temp/context334500289693760844.xml'
09-Apr-2026 14:51:50.728 INFO [http-nio-8080-exec-250] org.apache.catalina.core.ApplicationContext.log Manager: start: Starting web application '/production-management-system'
09-Apr-2026 14:55:25.144 INFO [http-nio-8080-exec-261] org.apache.catalina.core.ApplicationContext.log Manager: list: Listing contexts for virtual host 'localhost'
09-Apr-2026 14:55:25.145 INFO [http-nio-8080-exec-260] org.apache.catalina.core.ApplicationContext.log Manager: list: Listing contexts for virtual host 'localhost'
09-Apr-2026 14:55:25.159 INFO [http-nio-8080-exec-268] org.apache.catalina.core.ApplicationContext.log Manager: undeploy: Undeploying web application at '/production-management-system'
09-Apr-2026 14:55:25.681 INFO [http-nio-8080-exec-261] org.apache.catalina.core.ApplicationContext.log Manager: install: Installing context configuration at 'file:/C:/Users/SE1932~1/AppData/Local/Temp/context1677903580382252353.xml'
09-Apr-2026 14:55:26.234 INFO [http-nio-8080-exec-260] org.apache.catalina.core.ApplicationContext.log Manager: start: Starting web application '/production-management-system'
09-Apr-2026 15:01:53.393 INFO [http-nio-8080-exec-278] org.apache.catalina.core.ApplicationContext.log Manager: list: Listing contexts for virtual host 'localhost'
09-Apr-2026 15:01:53.395 INFO [http-nio-8080-exec-274] org.apache.catalina.core.ApplicationContext.log Manager: list: Listing contexts for virtual host 'localhost'
09-Apr-2026 15:01:53.406 INFO [http-nio-8080-exec-275] org.apache.catalina.core.ApplicationContext.log Manager: undeploy: Undeploying web application at '/production-management-system'
09-Apr-2026 15:01:53.933 INFO [http-nio-8080-exec-277] org.apache.catalina.core.ApplicationContext.log Manager: install: Installing context configuration at 'file:/C:/Users/SE1932~1/AppData/Local/Temp/context5057547130754809418.xml'
09-Apr-2026 15:01:54.492 INFO [http-nio-8080-exec-276] org.apache.catalina.core.ApplicationContext.log Manager: start: Starting web application '/production-management-system'
09-Apr-2026 15:15:02.657 INFO [http-nio-8080-exec-281] org.apache.catalina.core.ApplicationContext.log Manager: list: Listing contexts for virtual host 'localhost'
09-Apr-2026 15:15:02.665 INFO [http-nio-8080-exec-282] org.apache.catalina.core.ApplicationContext.log Manager: restart: Reloading web application '/production-management-system'
09-Apr-2026 15:15:34.268 INFO [http-nio-8080-exec-286] org.apache.catalina.core.ApplicationContext.log Manager: list: Listing contexts for virtual host 'localhost'
09-Apr-2026 15:15:43.404 INFO [http-nio-8080-exec-281] org.apache.catalina.core.ApplicationContext.log Manager: list: Listing contexts for virtual host 'localhost'
09-Apr-2026 15:15:55.023 INFO [http-nio-8080-exec-284] org.apache.catalina.core.ApplicationContext.log Manager: list: Listing contexts for virtual host 'localhost'
09-Apr-2026 15:16:18.689 INFO [http-nio-8080-exec-286] org.apache.catalina.core.ApplicationContext.log Manager: list: Listing contexts for virtual host 'localhost'
09-Apr-2026 15:16:18.690 INFO [http-nio-8080-exec-290] org.apache.catalina.core.ApplicationContext.log Manager: list: Listing contexts for virtual host 'localhost'
09-Apr-2026 15:16:18.702 INFO [http-nio-8080-exec-291] org.apache.catalina.core.ApplicationContext.log Manager: undeploy: Undeploying web application at '/production-management-system'
09-Apr-2026 15:16:19.235 INFO [http-nio-8080-exec-285] org.apache.catalina.core.ApplicationContext.log Manager: install: Installing context configuration at 'file:/C:/Users/SE1932~1/AppData/Local/Temp/context6154946375125021299.xml'
09-Apr-2026 15:16:19.885 INFO [http-nio-8080-exec-293] org.apache.catalina.core.ApplicationContext.log Manager: start: Starting web application '/production-management-system'
